// Jest Snapshot v1, https://goo.gl/fbAQLP

exports[`Listicle Block should render Default 1`] = `
<DocumentFragment>
  <div
    class="css-5ednon e1iakh080"
  >
    <div
      class="css-1egb6s2 e1iakh081"
    >
      <div
        class="css-1lfpiq0 e1iakh082"
      >
        1
      </div>
      <h3
        class="MuiTypography-root MuiTypography-h3 css-gepadz-MuiTypography-root"
      >
        Foobar
      </h3>
      <img
        alt="Dicta itaque nisi mollitia voluptate."
        class="css-1a2v9hb e1nfkf2e0"
        height="500"
        loading="lazy"
        srcset="https://picsum.photos/seed/8xHsH/800/400 800w,
https://picsum.photos/seed/dkVOrEU/500/300 500w,
https://picsum.photos/seed/3ZbG2/300/200 300w,
https://picsum.photos/seed/FUAYxo2gyq/200/100 200w"
        title="aliquid deleniti quisquam"
        width="1000"
      />
      <div
        class="css-0 e1e9qmuq0"
      >
        <div
          data-gramm="false"
          data-slate-editor="true"
          data-slate-node="value"
          style="outline: none; white-space: pre-wrap; word-wrap: break-word;"
        >
          <p
            class="MuiTypography-root MuiTypography-body1 MuiTypography-gutterBottom css-d3wcwz-MuiTypography-root"
            data-slate-node="element"
          >
            <span
              data-slate-node="text"
            >
              <span
                data-slate-string="true"
              >
                Nisi laudantium nihil ex praesentium repellat tempora beatae fugit minima.
              </span>
            </span>
          </p>
        </div>
      </div>
    </div>
    <div
      class="css-1egb6s2 e1iakh081"
    >
      <div
        class="css-1lfpiq0 e1iakh082"
      >
        2
      </div>
      <h3
        class="MuiTypography-root MuiTypography-h3 css-gepadz-MuiTypography-root"
      >
        Foobar
      </h3>
      <img
        alt="Dicta itaque nisi mollitia voluptate."
        class="css-1a2v9hb e1nfkf2e0"
        height="500"
        loading="lazy"
        srcset="https://picsum.photos/seed/8xHsH/800/400 800w,
https://picsum.photos/seed/dkVOrEU/500/300 500w,
https://picsum.photos/seed/3ZbG2/300/200 300w,
https://picsum.photos/seed/FUAYxo2gyq/200/100 200w"
        title="aliquid deleniti quisquam"
        width="1000"
      />
      <div
        class="css-0 e1e9qmuq0"
      >
        <div
          data-gramm="false"
          data-slate-editor="true"
          data-slate-node="value"
          style="outline: none; white-space: pre-wrap; word-wrap: break-word;"
        >
          <p
            class="MuiTypography-root MuiTypography-body1 MuiTypography-gutterBottom css-d3wcwz-MuiTypography-root"
            data-slate-node="element"
          >
            <span
              data-slate-node="text"
            >
              <span
                data-slate-string="true"
              >
                Nisi laudantium nihil ex praesentium repellat tempora beatae fugit minima.
              </span>
            </span>
          </p>
        </div>
      </div>
    </div>
    <div
      class="css-1egb6s2 e1iakh081"
    >
      <div
        class="css-1lfpiq0 e1iakh082"
      >
        3
      </div>
      <h3
        class="MuiTypography-root MuiTypography-h3 css-gepadz-MuiTypography-root"
      >
        Foobar
      </h3>
      <img
        alt="Dicta itaque nisi mollitia voluptate."
        class="css-1a2v9hb e1nfkf2e0"
        height="500"
        loading="lazy"
        srcset="https://picsum.photos/seed/8xHsH/800/400 800w,
https://picsum.photos/seed/dkVOrEU/500/300 500w,
https://picsum.photos/seed/3ZbG2/300/200 300w,
https://picsum.photos/seed/FUAYxo2gyq/200/100 200w"
        title="aliquid deleniti quisquam"
        width="1000"
      />
      <div
        class="css-0 e1e9qmuq0"
      >
        <div
          data-gramm="false"
          data-slate-editor="true"
          data-slate-node="value"
          style="outline: none; white-space: pre-wrap; word-wrap: break-word;"
        >
          <p
            class="MuiTypography-root MuiTypography-body1 MuiTypography-gutterBottom css-d3wcwz-MuiTypography-root"
            data-slate-node="element"
          >
            <span
              data-slate-node="text"
            >
              <span
                data-slate-string="true"
              >
                Nisi laudantium nihil ex praesentium repellat tempora beatae fugit minima.
              </span>
            </span>
          </p>
        </div>
      </div>
    </div>
    <div
      class="css-1egb6s2 e1iakh081"
    >
      <div
        class="css-1lfpiq0 e1iakh082"
      >
        4
      </div>
      <h3
        class="MuiTypography-root MuiTypography-h3 css-gepadz-MuiTypography-root"
      >
        Foobar
      </h3>
      <img
        alt="Dicta itaque nisi mollitia voluptate."
        class="css-1a2v9hb e1nfkf2e0"
        height="500"
        loading="lazy"
        srcset="https://picsum.photos/seed/8xHsH/800/400 800w,
https://picsum.photos/seed/dkVOrEU/500/300 500w,
https://picsum.photos/seed/3ZbG2/300/200 300w,
https://picsum.photos/seed/FUAYxo2gyq/200/100 200w"
        title="aliquid deleniti quisquam"
        width="1000"
      />
      <div
        class="css-0 e1e9qmuq0"
      >
        <div
          data-gramm="false"
          data-slate-editor="true"
          data-slate-node="value"
          style="outline: none; white-space: pre-wrap; word-wrap: break-word;"
        >
          <p
            class="MuiTypography-root MuiTypography-body1 MuiTypography-gutterBottom css-d3wcwz-MuiTypography-root"
            data-slate-node="element"
          >
            <span
              data-slate-node="text"
            >
              <span
                data-slate-string="true"
              >
                Nisi laudantium nihil ex praesentium repellat tempora beatae fugit minima.
              </span>
            </span>
          </p>
        </div>
      </div>
    </div>
  </div>
</DocumentFragment>
`;

exports[`Listicle Block should render WithClassName 1`] = `
<DocumentFragment>
  <div
    class="extra-classname css-5ednon e1iakh080"
  >
    <div
      class="css-1egb6s2 e1iakh081"
    >
      <div
        class="css-1lfpiq0 e1iakh082"
      >
        1
      </div>
      <h3
        class="MuiTypography-root MuiTypography-h3 css-gepadz-MuiTypography-root"
      >
        Foobar
      </h3>
      <img
        alt="Dicta itaque nisi mollitia voluptate."
        class="css-1a2v9hb e1nfkf2e0"
        height="500"
        loading="lazy"
        srcset="https://picsum.photos/seed/8xHsH/800/400 800w,
https://picsum.photos/seed/dkVOrEU/500/300 500w,
https://picsum.photos/seed/3ZbG2/300/200 300w,
https://picsum.photos/seed/FUAYxo2gyq/200/100 200w"
        title="aliquid deleniti quisquam"
        width="1000"
      />
      <div
        class="css-0 e1e9qmuq0"
      >
        <div
          data-gramm="false"
          data-slate-editor="true"
          data-slate-node="value"
          style="outline: none; white-space: pre-wrap; word-wrap: break-word;"
        >
          <p
            class="MuiTypography-root MuiTypography-body1 MuiTypography-gutterBottom css-d3wcwz-MuiTypography-root"
            data-slate-node="element"
          >
            <span
              data-slate-node="text"
            >
              <span
                data-slate-string="true"
              >
                Nisi laudantium nihil ex praesentium repellat tempora beatae fugit minima.
              </span>
            </span>
          </p>
        </div>
      </div>
    </div>
    <div
      class="css-1egb6s2 e1iakh081"
    >
      <div
        class="css-1lfpiq0 e1iakh082"
      >
        2
      </div>
      <h3
        class="MuiTypography-root MuiTypography-h3 css-gepadz-MuiTypography-root"
      >
        Foobar
      </h3>
      <img
        alt="Dicta itaque nisi mollitia voluptate."
        class="css-1a2v9hb e1nfkf2e0"
        height="500"
        loading="lazy"
        srcset="https://picsum.photos/seed/8xHsH/800/400 800w,
https://picsum.photos/seed/dkVOrEU/500/300 500w,
https://picsum.photos/seed/3ZbG2/300/200 300w,
https://picsum.photos/seed/FUAYxo2gyq/200/100 200w"
        title="aliquid deleniti quisquam"
        width="1000"
      />
      <div
        class="css-0 e1e9qmuq0"
      >
        <div
          data-gramm="false"
          data-slate-editor="true"
          data-slate-node="value"
          style="outline: none; white-space: pre-wrap; word-wrap: break-word;"
        >
          <p
            class="MuiTypography-root MuiTypography-body1 MuiTypography-gutterBottom css-d3wcwz-MuiTypography-root"
            data-slate-node="element"
          >
            <span
              data-slate-node="text"
            >
              <span
                data-slate-string="true"
              >
                Nisi laudantium nihil ex praesentium repellat tempora beatae fugit minima.
              </span>
            </span>
          </p>
        </div>
      </div>
    </div>
    <div
      class="css-1egb6s2 e1iakh081"
    >
      <div
        class="css-1lfpiq0 e1iakh082"
      >
        3
      </div>
      <h3
        class="MuiTypography-root MuiTypography-h3 css-gepadz-MuiTypography-root"
      >
        Foobar
      </h3>
      <img
        alt="Dicta itaque nisi mollitia voluptate."
        class="css-1a2v9hb e1nfkf2e0"
        height="500"
        loading="lazy"
        srcset="https://picsum.photos/seed/8xHsH/800/400 800w,
https://picsum.photos/seed/dkVOrEU/500/300 500w,
https://picsum.photos/seed/3ZbG2/300/200 300w,
https://picsum.photos/seed/FUAYxo2gyq/200/100 200w"
        title="aliquid deleniti quisquam"
        width="1000"
      />
      <div
        class="css-0 e1e9qmuq0"
      >
        <div
          data-gramm="false"
          data-slate-editor="true"
          data-slate-node="value"
          style="outline: none; white-space: pre-wrap; word-wrap: break-word;"
        >
          <p
            class="MuiTypography-root MuiTypography-body1 MuiTypography-gutterBottom css-d3wcwz-MuiTypography-root"
            data-slate-node="element"
          >
            <span
              data-slate-node="text"
            >
              <span
                data-slate-string="true"
              >
                Nisi laudantium nihil ex praesentium repellat tempora beatae fugit minima.
              </span>
            </span>
          </p>
        </div>
      </div>
    </div>
    <div
      class="css-1egb6s2 e1iakh081"
    >
      <div
        class="css-1lfpiq0 e1iakh082"
      >
        4
      </div>
      <h3
        class="MuiTypography-root MuiTypography-h3 css-gepadz-MuiTypography-root"
      >
        Foobar
      </h3>
      <img
        alt="Dicta itaque nisi mollitia voluptate."
        class="css-1a2v9hb e1nfkf2e0"
        height="500"
        loading="lazy"
        srcset="https://picsum.photos/seed/8xHsH/800/400 800w,
https://picsum.photos/seed/dkVOrEU/500/300 500w,
https://picsum.photos/seed/3ZbG2/300/200 300w,
https://picsum.photos/seed/FUAYxo2gyq/200/100 200w"
        title="aliquid deleniti quisquam"
        width="1000"
      />
      <div
        class="css-0 e1e9qmuq0"
      >
        <div
          data-gramm="false"
          data-slate-editor="true"
          data-slate-node="value"
          style="outline: none; white-space: pre-wrap; word-wrap: break-word;"
        >
          <p
            class="MuiTypography-root MuiTypography-body1 MuiTypography-gutterBottom css-d3wcwz-MuiTypography-root"
            data-slate-node="element"
          >
            <span
              data-slate-node="text"
            >
              <span
                data-slate-string="true"
              >
                Nisi laudantium nihil ex praesentium repellat tempora beatae fugit minima.
              </span>
            </span>
          </p>
        </div>
      </div>
    </div>
  </div>
</DocumentFragment>
`;

exports[`Listicle Block should render WithEmotion 1`] = `
<DocumentFragment>
  <div
    class="css-5ednon e1iakh080"
  >
    <div
      class="css-1egb6s2 e1iakh081"
    >
      <div
        class="css-1lfpiq0 e1iakh082"
      >
        1
      </div>
      <h3
        class="MuiTypography-root MuiTypography-h3 css-gepadz-MuiTypography-root"
      >
        Foobar
      </h3>
      <img
        alt="Dicta itaque nisi mollitia voluptate."
        class="css-1a2v9hb e1nfkf2e0"
        height="500"
        loading="lazy"
        srcset="https://picsum.photos/seed/8xHsH/800/400 800w,
https://picsum.photos/seed/dkVOrEU/500/300 500w,
https://picsum.photos/seed/3ZbG2/300/200 300w,
https://picsum.photos/seed/FUAYxo2gyq/200/100 200w"
        title="aliquid deleniti quisquam"
        width="1000"
      />
      <div
        class="css-0 e1e9qmuq0"
      >
        <div
          data-gramm="false"
          data-slate-editor="true"
          data-slate-node="value"
          style="outline: none; white-space: pre-wrap; word-wrap: break-word;"
        >
          <p
            class="MuiTypography-root MuiTypography-body1 MuiTypography-gutterBottom css-d3wcwz-MuiTypography-root"
            data-slate-node="element"
          >
            <span
              data-slate-node="text"
            >
              <span
                data-slate-string="true"
              >
                Nisi laudantium nihil ex praesentium repellat tempora beatae fugit minima.
              </span>
            </span>
          </p>
        </div>
      </div>
    </div>
    <div
      class="css-1egb6s2 e1iakh081"
    >
      <div
        class="css-1lfpiq0 e1iakh082"
      >
        2
      </div>
      <h3
        class="MuiTypography-root MuiTypography-h3 css-gepadz-MuiTypography-root"
      >
        Foobar
      </h3>
      <img
        alt="Dicta itaque nisi mollitia voluptate."
        class="css-1a2v9hb e1nfkf2e0"
        height="500"
        loading="lazy"
        srcset="https://picsum.photos/seed/8xHsH/800/400 800w,
https://picsum.photos/seed/dkVOrEU/500/300 500w,
https://picsum.photos/seed/3ZbG2/300/200 300w,
https://picsum.photos/seed/FUAYxo2gyq/200/100 200w"
        title="aliquid deleniti quisquam"
        width="1000"
      />
      <div
        class="css-0 e1e9qmuq0"
      >
        <div
          data-gramm="false"
          data-slate-editor="true"
          data-slate-node="value"
          style="outline: none; white-space: pre-wrap; word-wrap: break-word;"
        >
          <p
            class="MuiTypography-root MuiTypography-body1 MuiTypography-gutterBottom css-d3wcwz-MuiTypography-root"
            data-slate-node="element"
          >
            <span
              data-slate-node="text"
            >
              <span
                data-slate-string="true"
              >
                Nisi laudantium nihil ex praesentium repellat tempora beatae fugit minima.
              </span>
            </span>
          </p>
        </div>
      </div>
    </div>
    <div
      class="css-1egb6s2 e1iakh081"
    >
      <div
        class="css-1lfpiq0 e1iakh082"
      >
        3
      </div>
      <h3
        class="MuiTypography-root MuiTypography-h3 css-gepadz-MuiTypography-root"
      >
        Foobar
      </h3>
      <img
        alt="Dicta itaque nisi mollitia voluptate."
        class="css-1a2v9hb e1nfkf2e0"
        height="500"
        loading="lazy"
        srcset="https://picsum.photos/seed/8xHsH/800/400 800w,
https://picsum.photos/seed/dkVOrEU/500/300 500w,
https://picsum.photos/seed/3ZbG2/300/200 300w,
https://picsum.photos/seed/FUAYxo2gyq/200/100 200w"
        title="aliquid deleniti quisquam"
        width="1000"
      />
      <div
        class="css-0 e1e9qmuq0"
      >
        <div
          data-gramm="false"
          data-slate-editor="true"
          data-slate-node="value"
          style="outline: none; white-space: pre-wrap; word-wrap: break-word;"
        >
          <p
            class="MuiTypography-root MuiTypography-body1 MuiTypography-gutterBottom css-d3wcwz-MuiTypography-root"
            data-slate-node="element"
          >
            <span
              data-slate-node="text"
            >
              <span
                data-slate-string="true"
              >
                Nisi laudantium nihil ex praesentium repellat tempora beatae fugit minima.
              </span>
            </span>
          </p>
        </div>
      </div>
    </div>
    <div
      class="css-1egb6s2 e1iakh081"
    >
      <div
        class="css-1lfpiq0 e1iakh082"
      >
        4
      </div>
      <h3
        class="MuiTypography-root MuiTypography-h3 css-gepadz-MuiTypography-root"
      >
        Foobar
      </h3>
      <img
        alt="Dicta itaque nisi mollitia voluptate."
        class="css-1a2v9hb e1nfkf2e0"
        height="500"
        loading="lazy"
        srcset="https://picsum.photos/seed/8xHsH/800/400 800w,
https://picsum.photos/seed/dkVOrEU/500/300 500w,
https://picsum.photos/seed/3ZbG2/300/200 300w,
https://picsum.photos/seed/FUAYxo2gyq/200/100 200w"
        title="aliquid deleniti quisquam"
        width="1000"
      />
      <div
        class="css-0 e1e9qmuq0"
      >
        <div
          data-gramm="false"
          data-slate-editor="true"
          data-slate-node="value"
          style="outline: none; white-space: pre-wrap; word-wrap: break-word;"
        >
          <p
            class="MuiTypography-root MuiTypography-body1 MuiTypography-gutterBottom css-d3wcwz-MuiTypography-root"
            data-slate-node="element"
          >
            <span
              data-slate-node="text"
            >
              <span
                data-slate-string="true"
              >
                Nisi laudantium nihil ex praesentium repellat tempora beatae fugit minima.
              </span>
            </span>
          </p>
        </div>
      </div>
    </div>
  </div>
</DocumentFragment>
`;

exports[`Listicle Block should render WithoutImage 1`] = `
<DocumentFragment>
  <div
    class="css-5ednon e1iakh080"
  >
    <div
      class="css-1egb6s2 e1iakh081"
    >
      <div
        class="css-1lfpiq0 e1iakh082"
      >
        1
      </div>
      <h3
        class="MuiTypography-root MuiTypography-h3 css-gepadz-MuiTypography-root"
      >
        Foobar
      </h3>
      <img
        alt="Dicta itaque nisi mollitia voluptate."
        class="css-1a2v9hb e1nfkf2e0"
        height="500"
        loading="lazy"
        srcset="https://picsum.photos/seed/8xHsH/800/400 800w,
https://picsum.photos/seed/dkVOrEU/500/300 500w,
https://picsum.photos/seed/3ZbG2/300/200 300w,
https://picsum.photos/seed/FUAYxo2gyq/200/100 200w"
        title="aliquid deleniti quisquam"
        width="1000"
      />
      <div
        class="css-0 e1e9qmuq0"
      >
        <div
          data-gramm="false"
          data-slate-editor="true"
          data-slate-node="value"
          style="outline: none; white-space: pre-wrap; word-wrap: break-word;"
        >
          <p
            class="MuiTypography-root MuiTypography-body1 MuiTypography-gutterBottom css-d3wcwz-MuiTypography-root"
            data-slate-node="element"
          >
            <span
              data-slate-node="text"
            >
              <span
                data-slate-string="true"
              >
                Nisi laudantium nihil ex praesentium repellat tempora beatae fugit minima.
              </span>
            </span>
          </p>
        </div>
      </div>
    </div>
    <div
      class="css-1egb6s2 e1iakh081"
    >
      <div
        class="css-1lfpiq0 e1iakh082"
      >
        2
      </div>
      <h3
        class="MuiTypography-root MuiTypography-h3 css-gepadz-MuiTypography-root"
      >
        Foobar
      </h3>
      <div
        class="css-0 e1e9qmuq0"
      >
        <div
          data-gramm="false"
          data-slate-editor="true"
          data-slate-node="value"
          style="outline: none; white-space: pre-wrap; word-wrap: break-word;"
        >
          <p
            class="MuiTypography-root MuiTypography-body1 MuiTypography-gutterBottom css-d3wcwz-MuiTypography-root"
            data-slate-node="element"
          >
            <span
              data-slate-node="text"
            >
              <span
                data-slate-string="true"
              >
                Nisi laudantium nihil ex praesentium repellat tempora beatae fugit minima.
              </span>
            </span>
          </p>
        </div>
      </div>
    </div>
    <div
      class="css-1egb6s2 e1iakh081"
    >
      <div
        class="css-1lfpiq0 e1iakh082"
      >
        3
      </div>
      <h3
        class="MuiTypography-root MuiTypography-h3 css-gepadz-MuiTypography-root"
      >
        Foobar
      </h3>
      <img
        alt="Dicta itaque nisi mollitia voluptate."
        class="css-1a2v9hb e1nfkf2e0"
        height="500"
        loading="lazy"
        srcset="https://picsum.photos/seed/8xHsH/800/400 800w,
https://picsum.photos/seed/dkVOrEU/500/300 500w,
https://picsum.photos/seed/3ZbG2/300/200 300w,
https://picsum.photos/seed/FUAYxo2gyq/200/100 200w"
        title="aliquid deleniti quisquam"
        width="1000"
      />
      <div
        class="css-0 e1e9qmuq0"
      >
        <div
          data-gramm="false"
          data-slate-editor="true"
          data-slate-node="value"
          style="outline: none; white-space: pre-wrap; word-wrap: break-word;"
        >
          <p
            class="MuiTypography-root MuiTypography-body1 MuiTypography-gutterBottom css-d3wcwz-MuiTypography-root"
            data-slate-node="element"
          >
            <span
              data-slate-node="text"
            >
              <span
                data-slate-string="true"
              >
                Nisi laudantium nihil ex praesentium repellat tempora beatae fugit minima.
              </span>
            </span>
          </p>
        </div>
      </div>
    </div>
    <div
      class="css-1egb6s2 e1iakh081"
    >
      <div
        class="css-1lfpiq0 e1iakh082"
      >
        4
      </div>
      <h3
        class="MuiTypography-root MuiTypography-h3 css-gepadz-MuiTypography-root"
      >
        Foobar
      </h3>
      <div
        class="css-0 e1e9qmuq0"
      >
        <div
          data-gramm="false"
          data-slate-editor="true"
          data-slate-node="value"
          style="outline: none; white-space: pre-wrap; word-wrap: break-word;"
        >
          <p
            class="MuiTypography-root MuiTypography-body1 MuiTypography-gutterBottom css-d3wcwz-MuiTypography-root"
            data-slate-node="element"
          >
            <span
              data-slate-node="text"
            >
              <span
                data-slate-string="true"
              >
                Nisi laudantium nihil ex praesentium repellat tempora beatae fugit minima.
              </span>
            </span>
          </p>
        </div>
      </div>
    </div>
  </div>
</DocumentFragment>
`;
