// Jest Snapshot v1, https://goo.gl/fbAQLP

exports[`Embed Block should render Default 1`] = `
<DocumentFragment>
  .emotion-2 {
  width: 100%;
  border: 0;
  aspect-ratio: 1.78343949044586;
  background: #aaa;
  padding: 50px;
}

<div
    class="emotion-0 emotion-1"
  >
    <iframe
      allowfullscreen=""
      class="emotion-2 emotion-3"
      sandbox=""
      src="https://www.example.com"
      title="Title"
    />
  </div>
</DocumentFragment>
`;

exports[`Embed Block should render WithClassName 1`] = `
"Snapshot Diff:
- First value
+ Second value

@@ -1,8 +1,8 @@
  <DocumentFragment>
    <div
-     class="css-1tmmrj4-EmbedBlockWrapper e1t445oh1"
+     class="extra-classname css-1tmmrj4-EmbedBlockWrapper e1t445oh1"
    >
      <iframe
        allowfullscreen=""
        class="css-1wlgbuj-EmbedBlockIframe-styleCustomCss e1t445oh0"
        sandbox="""
`;
