// Jest Snapshot v1, https://goo.gl/fbAQLP

exports[`AuthorList Item should render Default 1`] = `
<DocumentFragment>
  .emotion-0 {
  margin: 0;
  font: inherit;
  color: #1976d2;
  -webkit-text-decoration: underline;
  text-decoration: underline;
  text-decoration-color: rgba(25, 118, 210, 0.4);
  display: grid;
  grid-template-rows: max-content 1fr;
  gap: 24px;
  width: 240px;
  text-align: center;
  -webkit-text-decoration: none;
  text-decoration: none;
  color: inherit;
}

.emotion-0:hover {
  text-decoration-color: inherit;
}

.emotion-1 {
  display: grid;
  width: 100%;
  aspect-ratio: 1;
}

.emotion-3 {
  max-width: 100%;
  width: 100%;
  height: auto;
  aspect-ratio: auto 0.6666666666666666;
  border-radius: 50%;
}

.emotion-7 {
  margin: 0;
  font-family: "Roboto","Helvetica","Arial",sans-serif;
  font-weight: 500;
  font-size: 1.25rem;
  line-height: 1.6;
  letter-spacing: 0.0075em;
}

.emotion-8 {
  margin: 0;
  font-family: "Roboto","Helvetica","Arial",sans-serif;
  font-weight: 400;
  font-size: 1rem;
  line-height: 1.5;
  letter-spacing: 0.00938em;
}

<a
    class="MuiTypography-root MuiTypography-inherit MuiLink-root MuiLink-underlineAlways emotion-0"
    href="https://example.com"
  >
    <div
      class="emotion-1 emotion-2"
    >
      <img
        alt="DSC07717"
        class="emotion-3 emotion-4"
        loading="lazy"
        srcset="https://unsplash.it/800/800 800w,
https://unsplash.it/500/500 500w,
https://unsplash.it/300/300 300w,
https://unsplash.it/200/200 200w"
        title=""
      />
    </div>
    <div
      class="emotion-5 emotion-6"
    >
      <h6
        class="MuiTypography-root MuiTypography-h6 emotion-7"
      >
        Foobar
      </h6>
      <p
        class="MuiTypography-root MuiTypography-body1 emotion-8"
      >
        Editor
      </p>
    </div>
  </a>
</DocumentFragment>
`;

exports[`AuthorList Item should render WithClassName 1`] = `
"Snapshot Diff:
- First value
+ Second value

@@ -1,8 +1,8 @@
  <DocumentFragment>
    <a
-     class="MuiTypography-root MuiTypography-inherit MuiLink-root MuiLink-underlineAlways css-irdxts-MuiTypography-root-MuiLink-root-AuthorListItem"
+     class="MuiTypography-root MuiTypography-inherit MuiLink-root MuiLink-underlineAlways extra-classname css-irdxts-MuiTypography-root-MuiLink-root-AuthorListItem"
      href="https://example.com"
    >
      <div
        class="css-1qrb959-AuthorListItemImageWrapper ersskp41"
      >"
`;

exports[`AuthorList Item should render WithEmotion 1`] = `
"Snapshot Diff:
Compared values have no visual difference."
`;

exports[`AuthorList Item should render WithoutImage 1`] = `
"Snapshot Diff:
- First value
+ Second value

@@ -3,22 +3,11 @@
      class="MuiTypography-root MuiTypography-inherit MuiLink-root MuiLink-underlineAlways css-irdxts-MuiTypography-root-MuiLink-root-AuthorListItem"
      href="https://example.com"
    >
      <div
        class="css-1qrb959-AuthorListItemImageWrapper ersskp41"
-     >
-       <img
-         alt="DSC07717"
-         class="css-u3ebmu-ImageWrapper-AuthorListItem e1shv2yg0"
-         loading="lazy"
-         srcset="https://unsplash.it/800/800 800w,
- https://unsplash.it/500/500 500w,
- https://unsplash.it/300/300 300w,
- https://unsplash.it/200/200 200w"
-         title=""
      />
-     </div>
      <div
        class="css-1f3530-AuthorListItemContent ersskp40"
      >
        <h6
          class="MuiTypography-root MuiTypography-h6 css-2ulfj5-MuiTypography-root""
`;

exports[`AuthorList Item should render WithoutJobTitle 1`] = `
"Snapshot Diff:
- First value
+ Second value

@@ -23,13 +23,8 @@
        <h6
          class="MuiTypography-root MuiTypography-h6 css-2ulfj5-MuiTypography-root"
        >
          Foobar
        </h6>
-       <p
-         class="MuiTypography-root MuiTypography-body1 css-ahj2mt-MuiTypography-root"
-       >
-         Editor
-       </p>
      </div>
    </a>
  </DocumentFragment>"
`;
