// Jest Snapshot v1, https://goo.gl/fbAQLP

exports[`AuthorList Container should render Default 1`] = `
<DocumentFragment>
  .emotion-0 {
  display: grid;
  grid-template-columns: repeat(auto-fill, minmax(240px, 1fr));
  gap: 32px;
  justify-items: center;
}

.emotion-2 {
  margin: 0;
  font: inherit;
  color: #1976d2;
  -webkit-text-decoration: underline;
  text-decoration: underline;
  text-decoration-color: rgba(25, 118, 210, 0.4);
  display: grid;
  grid-template-rows: max-content 1fr;
  gap: 24px;
  width: 240px;
  text-align: center;
  -webkit-text-decoration: none;
  text-decoration: none;
  color: inherit;
}

.emotion-2:hover {
  text-decoration-color: inherit;
}

.emotion-3 {
  display: grid;
  width: 100%;
  aspect-ratio: 1;
}

.emotion-5 {
  max-width: 100%;
  width: 100%;
  height: auto;
  aspect-ratio: auto 0.6666666666666666;
  border-radius: 50%;
}

.emotion-9 {
  margin: 0;
  font-family: "Roboto","Helvetica","Arial",sans-serif;
  font-weight: 500;
  font-size: 1.25rem;
  line-height: 1.6;
  letter-spacing: 0.0075em;
}

.emotion-10 {
  margin: 0;
  font-family: "Roboto","Helvetica","Arial",sans-serif;
  font-weight: 400;
  font-size: 1rem;
  line-height: 1.5;
  letter-spacing: 0.00938em;
}

<article
    class="emotion-0 emotion-1"
  >
    <a
      class="MuiTypography-root MuiTypography-inherit MuiLink-root MuiLink-underlineAlways emotion-2"
      href="https://example.com"
    >
      <div
        class="emotion-3 emotion-4"
      >
        <img
          alt="DSC07717"
          class="emotion-5 emotion-6"
          loading="lazy"
          srcset="https://unsplash.it/800/800 800w,
https://unsplash.it/500/500 500w,
https://unsplash.it/300/300 300w,
https://unsplash.it/200/200 200w"
          title=""
        />
      </div>
      <div
        class="emotion-7 emotion-8"
      >
        <h6
          class="MuiTypography-root MuiTypography-h6 emotion-9"
        >
          Example Name
        </h6>
        <p
          class="MuiTypography-root MuiTypography-body1 emotion-10"
        >
          Co-Geschäftsleitung & Chefredaktor
        </p>
      </div>
    </a>
    <a
      class="MuiTypography-root MuiTypography-inherit MuiLink-root MuiLink-underlineAlways emotion-2"
      href="https://example.com"
    >
      <div
        class="emotion-3 emotion-4"
      >
        <img
          alt="DSC07717"
          class="emotion-5 emotion-6"
          loading="lazy"
          srcset="https://unsplash.it/800/800 800w,
https://unsplash.it/500/500 500w,
https://unsplash.it/300/300 300w,
https://unsplash.it/200/200 200w"
          title=""
        />
      </div>
      <div
        class="emotion-7 emotion-8"
      >
        <h6
          class="MuiTypography-root MuiTypography-h6 emotion-9"
        >
          Example Name
        </h6>
        <p
          class="MuiTypography-root MuiTypography-body1 emotion-10"
        >
          Co-Geschäftsleitung & Chefredaktor
        </p>
      </div>
    </a>
    <a
      class="MuiTypography-root MuiTypography-inherit MuiLink-root MuiLink-underlineAlways emotion-2"
      href="https://example.com"
    >
      <div
        class="emotion-3 emotion-4"
      >
        <img
          alt="DSC07717"
          class="emotion-5 emotion-6"
          loading="lazy"
          srcset="https://unsplash.it/800/800 800w,
https://unsplash.it/500/500 500w,
https://unsplash.it/300/300 300w,
https://unsplash.it/200/200 200w"
          title=""
        />
      </div>
      <div
        class="emotion-7 emotion-8"
      >
        <h6
          class="MuiTypography-root MuiTypography-h6 emotion-9"
        >
          Example Name
        </h6>
        <p
          class="MuiTypography-root MuiTypography-body1 emotion-10"
        >
          Co-Geschäftsleitung & Chefredaktor
        </p>
      </div>
    </a>
  </article>
</DocumentFragment>
`;

exports[`AuthorList Container should render WithClassName 1`] = `
"Snapshot Diff:
- First value
+ Second value

@@ -1,8 +1,8 @@
  <DocumentFragment>
    <article
-     class="css-1d3do4s-AuthorListWrapper e17rhc8g0"
+     class="extra-classname css-1d3do4s-AuthorListWrapper e17rhc8g0"
    >
      <a
        class="MuiTypography-root MuiTypography-inherit MuiLink-root MuiLink-underlineAlways css-irdxts-MuiTypography-root-MuiLink-root-AuthorListItem"
        href="https://example.com"
      >"
`;

exports[`AuthorList Container should render WithEmotion 1`] = `
"Snapshot Diff:
Compared values have no visual difference."
`;
