// Jest Snapshot v1, https://goo.gl/fbAQLP

exports[`Blocks should render Default 1`] = `
"Snapshot Diff:
- First value
+ Second value

@@ -855,11 +855,11 @@
          class="fb-video"
          data-allowfullscreen="true"
          data-autoplay="false"
          data-controls="true"
          data-href="https://www.facebook.com/100064959061177/videos/1310370486335266/"
-         id=":r0:"
+         id=":r1:"
          style="width: 100%; height: 100%;"
        />
      </div>
    </div>
    <div
@@ -897,34 +897,25 @@
    <div
      class="css-126lgzk-TwitterTweetBlockWrapper ezw9q4b0"
      data-theme="dark"
    >
      <div
-       class="react-tweet-theme root root"
+       class="react-tweet-theme root"
      >
        <article
          class="article"
        >
-         <span
-           class="skeleton"
-           style="height: 3rem; margin-bottom: 0.75rem;"
-         />
-         <span
-           class="skeleton"
-           style="height: 6rem; margin: 0.5rem 0px;"
-         />
          <div
-           style="margin: 0.5rem 0px;"
-         />
-         <span
-           class="skeleton"
-           style="height: 2rem;"
-         />
-         <span
-           class="skeleton"
-           style="height: 2rem; border-radius: 9999px; margin-top: 0.5rem;"
-         />
+           class="root"
+         >
+           <h3>
+             Tweet not found
+           </h3>
+           <p>
+             The embedded tweet could not be foundâ€¦
+           </p>
+         </div>
        </article>
      </div>
    </div>
    <div
      class="css-xttaxc-VimeoVideoBlockWrapper e1wyl54e1""
`;

exports[`Blocks should render WithLayout 1`] = `
"Snapshot Diff:
- First value
+ Second value

@@ -1,7 +1,10 @@
  <DocumentFragment>
    <div
+     class="css-1r99lih-Layout e7iufto0"
+   >
+     <div
        class="css-6jfyyt-TitleBlockWrapper ek0hk6a0"
      >
        <h1
          class="MuiTypography-root MuiTypography-h3 css-gepadz-MuiTypography-root"
        >
@@ -855,11 +858,11 @@
            class="fb-video"
            data-allowfullscreen="true"
            data-autoplay="false"
            data-controls="true"
            data-href="https://www.facebook.com/100064959061177/videos/1310370486335266/"
-         id=":r0:"
+           id=":r2:"
            style="width: 100%; height: 100%;"
          />
        </div>
      </div>
      <div
@@ -1870,6 +1873,7 @@
              </div>
            </div>
          </article>
        </a>
      </aside>
+   </div>
  </DocumentFragment>"
`;
