// Jest Snapshot v1, https://goo.gl/fbAQLP

exports[`Teaser Grid Flex Block should render Default 1`] = `
<DocumentFragment>
  <div
    class="css-dkdiq6"
  >
    <article
      class="css-1p0ks0j"
      x="0"
      y="0"
    >
      <a
        class="MuiTypography-root MuiTypography-inherit MuiLink-root MuiLink-underlineNone css-9lisvk-MuiTypography-root-MuiLink-root"
        href="https://example.com"
      >
        <div
          class="css-rd719m"
        >
          <img
            alt="Dicta itaque nisi mollitia voluptate."
            class="css-1qnf57e"
            height="500"
            srcset="https://picsum.photos/seed/8xHsH/800/400 800w,
https://picsum.photos/seed/dkVOrEU/500/300 500w,
https://picsum.photos/seed/3ZbG2/300/200 300w,
https://picsum.photos/seed/FUAYxo2gyq/200/100 200w"
            title="aliquid deleniti quisquam"
            width="1000"
          />
          <header
            class="css-0"
          >
            <h1
              class="MuiTypography-root MuiTypography-h5 css-ag7rrr-MuiTypography-root"
            >
               Teambesprechung vom 23.05.
            </h1>
          </header>
        </div>
      </a>
    </article>
    <article
      class="css-1aj06cw"
      x="3"
      y="0"
    >
      <a
        class="MuiTypography-root MuiTypography-inherit MuiLink-root MuiLink-underlineNone css-9lisvk-MuiTypography-root-MuiLink-root"
        href="https://example.com"
      >
        <div
          class="css-rd719m"
        >
          <img
            alt="Dicta itaque nisi mollitia voluptate."
            class="css-1qnf57e"
            height="500"
            srcset="https://picsum.photos/seed/8xHsH/800/400 800w,
https://picsum.photos/seed/dkVOrEU/500/300 500w,
https://picsum.photos/seed/3ZbG2/300/200 300w,
https://picsum.photos/seed/FUAYxo2gyq/200/100 200w"
            title="aliquid deleniti quisquam"
            width="1000"
          />
          <header
            class="css-0"
          >
            <h1
              class="MuiTypography-root MuiTypography-h5 css-ag7rrr-MuiTypography-root"
            >
              Pre Title:  Title
            </h1>
          </header>
        </div>
      </a>
    </article>
    <article
      class="css-hgavva"
      x="7"
      y="0"
    >
      <a
        class="MuiTypography-root MuiTypography-inherit MuiLink-root MuiLink-underlineNone css-9lisvk-MuiTypography-root-MuiLink-root"
        href="https://example.com"
      >
        <div
          class="css-rd719m"
        >
          <img
            alt="Dicta itaque nisi mollitia voluptate."
            class="css-1qnf57e"
            height="500"
            srcset="https://picsum.photos/seed/8xHsH/800/400 800w,
https://picsum.photos/seed/dkVOrEU/500/300 500w,
https://picsum.photos/seed/3ZbG2/300/200 300w,
https://picsum.photos/seed/FUAYxo2gyq/200/100 200w"
            title="aliquid deleniti quisquam"
            width="1000"
          />
          <header
            class="css-0"
          >
            <h1
              class="MuiTypography-root MuiTypography-h5 css-ag7rrr-MuiTypography-root"
            >
              Pre Title:  Title
            </h1>
          </header>
        </div>
      </a>
    </article>
    <article
      class="css-2t6kni"
      x="7"
      y="8"
    >
      <a
        class="MuiTypography-root MuiTypography-inherit MuiLink-root MuiLink-underlineNone css-9lisvk-MuiTypography-root-MuiLink-root"
        href="https://example.com"
      >
        <div
          class="css-rd719m"
        >
          <img
            alt="Dicta itaque nisi mollitia voluptate."
            class="css-1qnf57e"
            height="500"
            srcset="https://picsum.photos/seed/8xHsH/800/400 800w,
https://picsum.photos/seed/dkVOrEU/500/300 500w,
https://picsum.photos/seed/3ZbG2/300/200 300w,
https://picsum.photos/seed/FUAYxo2gyq/200/100 200w"
            title="aliquid deleniti quisquam"
            width="1000"
          />
          <header
            class="css-0"
          >
            <h1
              class="MuiTypography-root MuiTypography-h5 css-ag7rrr-MuiTypography-root"
            >
               Teambesprechung vom 23.05.
            </h1>
          </header>
        </div>
      </a>
    </article>
    <article
      class="css-swar48"
      x="0"
      y="4"
    >
      <a
        class="MuiTypography-root MuiTypography-inherit MuiLink-root MuiLink-underlineNone css-9lisvk-MuiTypography-root-MuiLink-root"
        href="https://example.com"
      >
        <div
          class="css-rd719m"
        >
          <img
            alt="Dicta itaque nisi mollitia voluptate."
            class="css-1qnf57e"
            height="500"
            srcset="https://picsum.photos/seed/8xHsH/800/400 800w,
https://picsum.photos/seed/dkVOrEU/500/300 500w,
https://picsum.photos/seed/3ZbG2/300/200 300w,
https://picsum.photos/seed/FUAYxo2gyq/200/100 200w"
            title="aliquid deleniti quisquam"
            width="1000"
          />
          <header
            class="css-0"
          >
            <h1
              class="MuiTypography-root MuiTypography-h5 css-ag7rrr-MuiTypography-root"
            >
              Pre Title:  Title
            </h1>
          </header>
        </div>
      </a>
    </article>
    <article
      class="css-1oxqzs1"
      x="3"
      y="6"
    >
      <a
        class="MuiTypography-root MuiTypography-inherit MuiLink-root MuiLink-underlineNone css-9lisvk-MuiTypography-root-MuiLink-root"
        href="https://example.com"
      >
        <div
          class="css-rd719m"
        >
          <img
            alt="Dicta itaque nisi mollitia voluptate."
            class="css-1qnf57e"
            height="500"
            srcset="https://picsum.photos/seed/8xHsH/800/400 800w,
https://picsum.photos/seed/dkVOrEU/500/300 500w,
https://picsum.photos/seed/3ZbG2/300/200 300w,
https://picsum.photos/seed/FUAYxo2gyq/200/100 200w"
            title="aliquid deleniti quisquam"
            width="1000"
          />
          <header
            class="css-0"
          >
            <h1
              class="MuiTypography-root MuiTypography-h5 css-ag7rrr-MuiTypography-root"
            >
              Pre Title:  Title
            </h1>
          </header>
        </div>
      </a>
    </article>
  </div>
</DocumentFragment>
`;

exports[`Teaser Grid Flex Block should render WithClassName 1`] = `
<DocumentFragment>
  <div
    class="extra-classname css-dkdiq6"
  >
    <article
      class="css-1p0ks0j"
      x="0"
      y="0"
    >
      <a
        class="MuiTypography-root MuiTypography-inherit MuiLink-root MuiLink-underlineNone css-9lisvk-MuiTypography-root-MuiLink-root"
        href="https://example.com"
      >
        <div
          class="css-rd719m"
        >
          <img
            alt="Dicta itaque nisi mollitia voluptate."
            class="css-1qnf57e"
            height="500"
            srcset="https://picsum.photos/seed/8xHsH/800/400 800w,
https://picsum.photos/seed/dkVOrEU/500/300 500w,
https://picsum.photos/seed/3ZbG2/300/200 300w,
https://picsum.photos/seed/FUAYxo2gyq/200/100 200w"
            title="aliquid deleniti quisquam"
            width="1000"
          />
          <header
            class="css-0"
          >
            <h1
              class="MuiTypography-root MuiTypography-h5 css-ag7rrr-MuiTypography-root"
            >
               Teambesprechung vom 23.05.
            </h1>
          </header>
        </div>
      </a>
    </article>
    <article
      class="css-1aj06cw"
      x="3"
      y="0"
    >
      <a
        class="MuiTypography-root MuiTypography-inherit MuiLink-root MuiLink-underlineNone css-9lisvk-MuiTypography-root-MuiLink-root"
        href="https://example.com"
      >
        <div
          class="css-rd719m"
        >
          <img
            alt="Dicta itaque nisi mollitia voluptate."
            class="css-1qnf57e"
            height="500"
            srcset="https://picsum.photos/seed/8xHsH/800/400 800w,
https://picsum.photos/seed/dkVOrEU/500/300 500w,
https://picsum.photos/seed/3ZbG2/300/200 300w,
https://picsum.photos/seed/FUAYxo2gyq/200/100 200w"
            title="aliquid deleniti quisquam"
            width="1000"
          />
          <header
            class="css-0"
          >
            <h1
              class="MuiTypography-root MuiTypography-h5 css-ag7rrr-MuiTypography-root"
            >
              Pre Title:  Title
            </h1>
          </header>
        </div>
      </a>
    </article>
    <article
      class="css-hgavva"
      x="7"
      y="0"
    >
      <a
        class="MuiTypography-root MuiTypography-inherit MuiLink-root MuiLink-underlineNone css-9lisvk-MuiTypography-root-MuiLink-root"
        href="https://example.com"
      >
        <div
          class="css-rd719m"
        >
          <img
            alt="Dicta itaque nisi mollitia voluptate."
            class="css-1qnf57e"
            height="500"
            srcset="https://picsum.photos/seed/8xHsH/800/400 800w,
https://picsum.photos/seed/dkVOrEU/500/300 500w,
https://picsum.photos/seed/3ZbG2/300/200 300w,
https://picsum.photos/seed/FUAYxo2gyq/200/100 200w"
            title="aliquid deleniti quisquam"
            width="1000"
          />
          <header
            class="css-0"
          >
            <h1
              class="MuiTypography-root MuiTypography-h5 css-ag7rrr-MuiTypography-root"
            >
              Pre Title:  Title
            </h1>
          </header>
        </div>
      </a>
    </article>
    <article
      class="css-2t6kni"
      x="7"
      y="8"
    >
      <a
        class="MuiTypography-root MuiTypography-inherit MuiLink-root MuiLink-underlineNone css-9lisvk-MuiTypography-root-MuiLink-root"
        href="https://example.com"
      >
        <div
          class="css-rd719m"
        >
          <img
            alt="Dicta itaque nisi mollitia voluptate."
            class="css-1qnf57e"
            height="500"
            srcset="https://picsum.photos/seed/8xHsH/800/400 800w,
https://picsum.photos/seed/dkVOrEU/500/300 500w,
https://picsum.photos/seed/3ZbG2/300/200 300w,
https://picsum.photos/seed/FUAYxo2gyq/200/100 200w"
            title="aliquid deleniti quisquam"
            width="1000"
          />
          <header
            class="css-0"
          >
            <h1
              class="MuiTypography-root MuiTypography-h5 css-ag7rrr-MuiTypography-root"
            >
               Teambesprechung vom 23.05.
            </h1>
          </header>
        </div>
      </a>
    </article>
    <article
      class="css-swar48"
      x="0"
      y="4"
    >
      <a
        class="MuiTypography-root MuiTypography-inherit MuiLink-root MuiLink-underlineNone css-9lisvk-MuiTypography-root-MuiLink-root"
        href="https://example.com"
      >
        <div
          class="css-rd719m"
        >
          <img
            alt="Dicta itaque nisi mollitia voluptate."
            class="css-1qnf57e"
            height="500"
            srcset="https://picsum.photos/seed/8xHsH/800/400 800w,
https://picsum.photos/seed/dkVOrEU/500/300 500w,
https://picsum.photos/seed/3ZbG2/300/200 300w,
https://picsum.photos/seed/FUAYxo2gyq/200/100 200w"
            title="aliquid deleniti quisquam"
            width="1000"
          />
          <header
            class="css-0"
          >
            <h1
              class="MuiTypography-root MuiTypography-h5 css-ag7rrr-MuiTypography-root"
            >
              Pre Title:  Title
            </h1>
          </header>
        </div>
      </a>
    </article>
    <article
      class="css-1oxqzs1"
      x="3"
      y="6"
    >
      <a
        class="MuiTypography-root MuiTypography-inherit MuiLink-root MuiLink-underlineNone css-9lisvk-MuiTypography-root-MuiLink-root"
        href="https://example.com"
      >
        <div
          class="css-rd719m"
        >
          <img
            alt="Dicta itaque nisi mollitia voluptate."
            class="css-1qnf57e"
            height="500"
            srcset="https://picsum.photos/seed/8xHsH/800/400 800w,
https://picsum.photos/seed/dkVOrEU/500/300 500w,
https://picsum.photos/seed/3ZbG2/300/200 300w,
https://picsum.photos/seed/FUAYxo2gyq/200/100 200w"
            title="aliquid deleniti quisquam"
            width="1000"
          />
          <header
            class="css-0"
          >
            <h1
              class="MuiTypography-root MuiTypography-h5 css-ag7rrr-MuiTypography-root"
            >
              Pre Title:  Title
            </h1>
          </header>
        </div>
      </a>
    </article>
  </div>
</DocumentFragment>
`;

exports[`Teaser Grid Flex Block should render WithEmotion 1`] = `
<DocumentFragment>
  <div
    class="css-dkdiq6"
  >
    <article
      class="css-1p0ks0j"
      x="0"
      y="0"
    >
      <a
        class="MuiTypography-root MuiTypography-inherit MuiLink-root MuiLink-underlineNone css-9lisvk-MuiTypography-root-MuiLink-root"
        href="https://example.com"
      >
        <div
          class="css-rd719m"
        >
          <img
            alt="Dicta itaque nisi mollitia voluptate."
            class="css-1qnf57e"
            height="500"
            srcset="https://picsum.photos/seed/8xHsH/800/400 800w,
https://picsum.photos/seed/dkVOrEU/500/300 500w,
https://picsum.photos/seed/3ZbG2/300/200 300w,
https://picsum.photos/seed/FUAYxo2gyq/200/100 200w"
            title="aliquid deleniti quisquam"
            width="1000"
          />
          <header
            class="css-0"
          >
            <h1
              class="MuiTypography-root MuiTypography-h5 css-ag7rrr-MuiTypography-root"
            >
               Teambesprechung vom 23.05.
            </h1>
          </header>
        </div>
      </a>
    </article>
    <article
      class="css-1aj06cw"
      x="3"
      y="0"
    >
      <a
        class="MuiTypography-root MuiTypography-inherit MuiLink-root MuiLink-underlineNone css-9lisvk-MuiTypography-root-MuiLink-root"
        href="https://example.com"
      >
        <div
          class="css-rd719m"
        >
          <img
            alt="Dicta itaque nisi mollitia voluptate."
            class="css-1qnf57e"
            height="500"
            srcset="https://picsum.photos/seed/8xHsH/800/400 800w,
https://picsum.photos/seed/dkVOrEU/500/300 500w,
https://picsum.photos/seed/3ZbG2/300/200 300w,
https://picsum.photos/seed/FUAYxo2gyq/200/100 200w"
            title="aliquid deleniti quisquam"
            width="1000"
          />
          <header
            class="css-0"
          >
            <h1
              class="MuiTypography-root MuiTypography-h5 css-ag7rrr-MuiTypography-root"
            >
              Pre Title:  Title
            </h1>
          </header>
        </div>
      </a>
    </article>
    <article
      class="css-hgavva"
      x="7"
      y="0"
    >
      <a
        class="MuiTypography-root MuiTypography-inherit MuiLink-root MuiLink-underlineNone css-9lisvk-MuiTypography-root-MuiLink-root"
        href="https://example.com"
      >
        <div
          class="css-rd719m"
        >
          <img
            alt="Dicta itaque nisi mollitia voluptate."
            class="css-1qnf57e"
            height="500"
            srcset="https://picsum.photos/seed/8xHsH/800/400 800w,
https://picsum.photos/seed/dkVOrEU/500/300 500w,
https://picsum.photos/seed/3ZbG2/300/200 300w,
https://picsum.photos/seed/FUAYxo2gyq/200/100 200w"
            title="aliquid deleniti quisquam"
            width="1000"
          />
          <header
            class="css-0"
          >
            <h1
              class="MuiTypography-root MuiTypography-h5 css-ag7rrr-MuiTypography-root"
            >
              Pre Title:  Title
            </h1>
          </header>
        </div>
      </a>
    </article>
    <article
      class="css-2t6kni"
      x="7"
      y="8"
    >
      <a
        class="MuiTypography-root MuiTypography-inherit MuiLink-root MuiLink-underlineNone css-9lisvk-MuiTypography-root-MuiLink-root"
        href="https://example.com"
      >
        <div
          class="css-rd719m"
        >
          <img
            alt="Dicta itaque nisi mollitia voluptate."
            class="css-1qnf57e"
            height="500"
            srcset="https://picsum.photos/seed/8xHsH/800/400 800w,
https://picsum.photos/seed/dkVOrEU/500/300 500w,
https://picsum.photos/seed/3ZbG2/300/200 300w,
https://picsum.photos/seed/FUAYxo2gyq/200/100 200w"
            title="aliquid deleniti quisquam"
            width="1000"
          />
          <header
            class="css-0"
          >
            <h1
              class="MuiTypography-root MuiTypography-h5 css-ag7rrr-MuiTypography-root"
            >
               Teambesprechung vom 23.05.
            </h1>
          </header>
        </div>
      </a>
    </article>
    <article
      class="css-swar48"
      x="0"
      y="4"
    >
      <a
        class="MuiTypography-root MuiTypography-inherit MuiLink-root MuiLink-underlineNone css-9lisvk-MuiTypography-root-MuiLink-root"
        href="https://example.com"
      >
        <div
          class="css-rd719m"
        >
          <img
            alt="Dicta itaque nisi mollitia voluptate."
            class="css-1qnf57e"
            height="500"
            srcset="https://picsum.photos/seed/8xHsH/800/400 800w,
https://picsum.photos/seed/dkVOrEU/500/300 500w,
https://picsum.photos/seed/3ZbG2/300/200 300w,
https://picsum.photos/seed/FUAYxo2gyq/200/100 200w"
            title="aliquid deleniti quisquam"
            width="1000"
          />
          <header
            class="css-0"
          >
            <h1
              class="MuiTypography-root MuiTypography-h5 css-ag7rrr-MuiTypography-root"
            >
              Pre Title:  Title
            </h1>
          </header>
        </div>
      </a>
    </article>
    <article
      class="css-1oxqzs1"
      x="3"
      y="6"
    >
      <a
        class="MuiTypography-root MuiTypography-inherit MuiLink-root MuiLink-underlineNone css-9lisvk-MuiTypography-root-MuiLink-root"
        href="https://example.com"
      >
        <div
          class="css-rd719m"
        >
          <img
            alt="Dicta itaque nisi mollitia voluptate."
            class="css-1qnf57e"
            height="500"
            srcset="https://picsum.photos/seed/8xHsH/800/400 800w,
https://picsum.photos/seed/dkVOrEU/500/300 500w,
https://picsum.photos/seed/3ZbG2/300/200 300w,
https://picsum.photos/seed/FUAYxo2gyq/200/100 200w"
            title="aliquid deleniti quisquam"
            width="1000"
          />
          <header
            class="css-0"
          >
            <h1
              class="MuiTypography-root MuiTypography-h5 css-ag7rrr-MuiTypography-root"
            >
              Pre Title:  Title
            </h1>
          </header>
        </div>
      </a>
    </article>
  </div>
</DocumentFragment>
`;

exports[`Teaser Grid Flex Block should render WithShowLoad 1`] = `
<DocumentFragment>
  <div
    class="css-dkdiq6"
  >
    <article
      class="css-1p0ks0j"
      x="0"
      y="0"
    >
      <a
        class="MuiTypography-root MuiTypography-inherit MuiLink-root MuiLink-underlineNone css-9lisvk-MuiTypography-root-MuiLink-root"
        href="https://example.com"
      >
        <div
          class="css-rd719m"
        >
          <img
            alt="Dicta itaque nisi mollitia voluptate."
            class="css-1qnf57e"
            height="500"
            srcset="https://picsum.photos/seed/8xHsH/800/400 800w,
https://picsum.photos/seed/dkVOrEU/500/300 500w,
https://picsum.photos/seed/3ZbG2/300/200 300w,
https://picsum.photos/seed/FUAYxo2gyq/200/100 200w"
            title="aliquid deleniti quisquam"
            width="1000"
          />
          <header
            class="css-0"
          >
            <h1
              class="MuiTypography-root MuiTypography-h5 css-ag7rrr-MuiTypography-root"
            >
               Teambesprechung vom 23.05.
            </h1>
          </header>
          <p
            class="MuiTypography-root MuiTypography-h6 css-2ulfj5-MuiTypography-root"
          >
            Lead
          </p>
        </div>
      </a>
    </article>
    <article
      class="css-1aj06cw"
      x="3"
      y="0"
    >
      <a
        class="MuiTypography-root MuiTypography-inherit MuiLink-root MuiLink-underlineNone css-9lisvk-MuiTypography-root-MuiLink-root"
        href="https://example.com"
      >
        <div
          class="css-rd719m"
        >
          <img
            alt="Dicta itaque nisi mollitia voluptate."
            class="css-1qnf57e"
            height="500"
            srcset="https://picsum.photos/seed/8xHsH/800/400 800w,
https://picsum.photos/seed/dkVOrEU/500/300 500w,
https://picsum.photos/seed/3ZbG2/300/200 300w,
https://picsum.photos/seed/FUAYxo2gyq/200/100 200w"
            title="aliquid deleniti quisquam"
            width="1000"
          />
          <header
            class="css-0"
          >
            <h1
              class="MuiTypography-root MuiTypography-h5 css-ag7rrr-MuiTypography-root"
            >
              Pre Title:  Title
            </h1>
          </header>
          <p
            class="MuiTypography-root MuiTypography-h6 css-2ulfj5-MuiTypography-root"
          >
            Lead
          </p>
        </div>
      </a>
    </article>
    <article
      class="css-hgavva"
      x="7"
      y="0"
    >
      <a
        class="MuiTypography-root MuiTypography-inherit MuiLink-root MuiLink-underlineNone css-9lisvk-MuiTypography-root-MuiLink-root"
        href="https://example.com"
      >
        <div
          class="css-rd719m"
        >
          <img
            alt="Dicta itaque nisi mollitia voluptate."
            class="css-1qnf57e"
            height="500"
            srcset="https://picsum.photos/seed/8xHsH/800/400 800w,
https://picsum.photos/seed/dkVOrEU/500/300 500w,
https://picsum.photos/seed/3ZbG2/300/200 300w,
https://picsum.photos/seed/FUAYxo2gyq/200/100 200w"
            title="aliquid deleniti quisquam"
            width="1000"
          />
          <header
            class="css-0"
          >
            <h1
              class="MuiTypography-root MuiTypography-h5 css-ag7rrr-MuiTypography-root"
            >
              Pre Title:  Title
            </h1>
          </header>
          <p
            class="MuiTypography-root MuiTypography-h6 css-2ulfj5-MuiTypography-root"
          >
            Lead
          </p>
        </div>
      </a>
    </article>
    <article
      class="css-2t6kni"
      x="7"
      y="8"
    >
      <a
        class="MuiTypography-root MuiTypography-inherit MuiLink-root MuiLink-underlineNone css-9lisvk-MuiTypography-root-MuiLink-root"
        href="https://example.com"
      >
        <div
          class="css-rd719m"
        >
          <img
            alt="Dicta itaque nisi mollitia voluptate."
            class="css-1qnf57e"
            height="500"
            srcset="https://picsum.photos/seed/8xHsH/800/400 800w,
https://picsum.photos/seed/dkVOrEU/500/300 500w,
https://picsum.photos/seed/3ZbG2/300/200 300w,
https://picsum.photos/seed/FUAYxo2gyq/200/100 200w"
            title="aliquid deleniti quisquam"
            width="1000"
          />
          <header
            class="css-0"
          >
            <h1
              class="MuiTypography-root MuiTypography-h5 css-ag7rrr-MuiTypography-root"
            >
               Teambesprechung vom 23.05.
            </h1>
          </header>
          <p
            class="MuiTypography-root MuiTypography-h6 css-2ulfj5-MuiTypography-root"
          >
            Lead
          </p>
        </div>
      </a>
    </article>
    <article
      class="css-swar48"
      x="0"
      y="4"
    >
      <a
        class="MuiTypography-root MuiTypography-inherit MuiLink-root MuiLink-underlineNone css-9lisvk-MuiTypography-root-MuiLink-root"
        href="https://example.com"
      >
        <div
          class="css-rd719m"
        >
          <img
            alt="Dicta itaque nisi mollitia voluptate."
            class="css-1qnf57e"
            height="500"
            srcset="https://picsum.photos/seed/8xHsH/800/400 800w,
https://picsum.photos/seed/dkVOrEU/500/300 500w,
https://picsum.photos/seed/3ZbG2/300/200 300w,
https://picsum.photos/seed/FUAYxo2gyq/200/100 200w"
            title="aliquid deleniti quisquam"
            width="1000"
          />
          <header
            class="css-0"
          >
            <h1
              class="MuiTypography-root MuiTypography-h5 css-ag7rrr-MuiTypography-root"
            >
              Pre Title:  Title
            </h1>
          </header>
          <p
            class="MuiTypography-root MuiTypography-h6 css-2ulfj5-MuiTypography-root"
          >
            Lead
          </p>
        </div>
      </a>
    </article>
    <article
      class="css-1oxqzs1"
      x="3"
      y="6"
    >
      <a
        class="MuiTypography-root MuiTypography-inherit MuiLink-root MuiLink-underlineNone css-9lisvk-MuiTypography-root-MuiLink-root"
        href="https://example.com"
      >
        <div
          class="css-rd719m"
        >
          <img
            alt="Dicta itaque nisi mollitia voluptate."
            class="css-1qnf57e"
            height="500"
            srcset="https://picsum.photos/seed/8xHsH/800/400 800w,
https://picsum.photos/seed/dkVOrEU/500/300 500w,
https://picsum.photos/seed/3ZbG2/300/200 300w,
https://picsum.photos/seed/FUAYxo2gyq/200/100 200w"
            title="aliquid deleniti quisquam"
            width="1000"
          />
          <header
            class="css-0"
          >
            <h1
              class="MuiTypography-root MuiTypography-h5 css-ag7rrr-MuiTypography-root"
            >
              Pre Title:  Title
            </h1>
          </header>
          <p
            class="MuiTypography-root MuiTypography-h6 css-2ulfj5-MuiTypography-root"
          >
            Lead
          </p>
        </div>
      </a>
    </article>
  </div>
</DocumentFragment>
`;
