// Jest Snapshot v1, https://goo.gl/fbAQLP

exports[`Image Gallery Block should render Default 1`] = `
<DocumentFragment>
  .emotion-0 {
  margin: 0;
}

.emotion-3 {
  display: grid;
  overflow-y: auto;
  list-style: none;
  padding: 0;
  -webkit-overflow-scrolling: touch;
  margin: 0;
  grid-template-columns: repeat(1, 1fr);
}

@media (min-width:600px) {
  .emotion-3 {
    grid-template-columns: repeat(2, 1fr);
  }
}

@media (min-width:900px) {
  .emotion-3 {
    grid-template-columns: repeat(3, 1fr);
  }
}

.emotion-4 {
  display: -webkit-box;
  display: -webkit-flex;
  display: -ms-flexbox;
  display: flex;
  position: relative;
  -webkit-flex-direction: column;
  -ms-flex-direction: column;
  flex-direction: column;
}

.emotion-4 .MuiImageListItem-img {
  object-fit: cover;
  width: 100%;
  height: auto;
  display: block;
  -webkit-box-flex: 1;
  -webkit-flex-grow: 1;
  -ms-flex-positive: 1;
  flex-grow: 1;
}

.emotion-5 {
  max-width: 100%;
  height: auto;
  aspect-ratio: auto 1;
  max-height: 80lvh;
  object-fit: contain;
}

.emotion-7 {
  position: relative;
  left: 0;
  right: 0;
  background: transparent;
  display: -webkit-box;
  display: -webkit-flex;
  display: -ms-flexbox;
  display: flex;
  -webkit-align-items: normal;
  -webkit-box-align: normal;
  -ms-flex-align: normal;
  align-items: normal;
  font-family: "Roboto","Helvetica","Arial",sans-serif;
}

.emotion-8 {
  -webkit-box-flex: 1;
  -webkit-flex-grow: 1;
  -ms-flex-positive: 1;
  flex-grow: 1;
  padding: 6px 0 12px;
  color: inherit;
  overflow: hidden;
}

.emotion-9 {
  font-size: 1rem;
  line-height: 24px;
  text-overflow: ellipsis;
  overflow: hidden;
  white-space: nowrap;
}

<figure
    class="emotion-0 emotion-1"
  >
    <ul
      class="MuiImageList-root MuiImageList-standard emotion-2 emotion-3"
      style="grid-template-columns: repeat(0, 1fr); gap: 8px;"
    >
      <li
        class="MuiImageListItem-root MuiImageListItem-standard emotion-4"
        style="height: auto; grid-column-end: span 1; grid-row-end: span 1;"
      >
        <img
          alt="An image description"
          class="emotion-5 emotion-6"
          loading="lazy"
          srcset="https://unsplash.it/800/800?0 800w,
https://unsplash.it/500/500?0 500w,
https://unsplash.it/300/300?0 300w,
https://unsplash.it/200/200?0 200w"
          title="An image title"
        />
        <div
          class="MuiImageListItemBar-root MuiImageListItemBar-positionBelow emotion-7"
        >
          <div
            class="MuiImageListItemBar-titleWrap MuiImageListItemBar-titleWrapBelow emotion-8"
          >
            <div
              class="MuiImageListItemBar-title emotion-9"
            >
              Image caption
            </div>
          </div>
        </div>
      </li>
      <li
        class="MuiImageListItem-root MuiImageListItem-standard emotion-4"
        style="height: auto; grid-column-end: span 1; grid-row-end: span 1;"
      >
        <img
          alt="An image description"
          class="emotion-5 emotion-6"
          loading="lazy"
          srcset="https://unsplash.it/800/800?1 800w,
https://unsplash.it/500/500?1 500w,
https://unsplash.it/300/300?1 300w,
https://unsplash.it/200/200?1 200w"
          title="An image title"
        />
        <div
          class="MuiImageListItemBar-root MuiImageListItemBar-positionBelow emotion-7"
        >
          <div
            class="MuiImageListItemBar-titleWrap MuiImageListItemBar-titleWrapBelow emotion-8"
          >
            <div
              class="MuiImageListItemBar-title emotion-9"
            >
              Image caption
            </div>
          </div>
        </div>
      </li>
      <li
        class="MuiImageListItem-root MuiImageListItem-standard emotion-4"
        style="height: auto; grid-column-end: span 1; grid-row-end: span 1;"
      >
        <img
          alt="An image description"
          class="emotion-5 emotion-6"
          loading="lazy"
          srcset="https://unsplash.it/800/800?2 800w,
https://unsplash.it/500/500?2 500w,
https://unsplash.it/300/300?2 300w,
https://unsplash.it/200/200?2 200w"
          title="An image title"
        />
        <div
          class="MuiImageListItemBar-root MuiImageListItemBar-positionBelow emotion-7"
        >
          <div
            class="MuiImageListItemBar-titleWrap MuiImageListItemBar-titleWrapBelow emotion-8"
          >
            <div
              class="MuiImageListItemBar-title emotion-9"
            >
              Image caption
            </div>
          </div>
        </div>
      </li>
      <li
        class="MuiImageListItem-root MuiImageListItem-standard emotion-4"
        style="height: auto; grid-column-end: span 1; grid-row-end: span 1;"
      >
        <img
          alt="An image description"
          class="emotion-5 emotion-6"
          loading="lazy"
          srcset="https://unsplash.it/800/800?3 800w,
https://unsplash.it/500/500?3 500w,
https://unsplash.it/300/300?3 300w,
https://unsplash.it/200/200?3 200w"
          title="An image title"
        />
        <div
          class="MuiImageListItemBar-root MuiImageListItemBar-positionBelow emotion-7"
        >
          <div
            class="MuiImageListItemBar-titleWrap MuiImageListItemBar-titleWrapBelow emotion-8"
          >
            <div
              class="MuiImageListItemBar-title emotion-9"
            >
              Image caption
            </div>
          </div>
        </div>
      </li>
      <li
        class="MuiImageListItem-root MuiImageListItem-standard emotion-4"
        style="height: auto; grid-column-end: span 1; grid-row-end: span 1;"
      >
        <img
          alt="An image description"
          class="emotion-5 emotion-6"
          loading="lazy"
          srcset="https://unsplash.it/800/800?4 800w,
https://unsplash.it/500/500?4 500w,
https://unsplash.it/300/300?4 300w,
https://unsplash.it/200/200?4 200w"
          title="An image title"
        />
        <div
          class="MuiImageListItemBar-root MuiImageListItemBar-positionBelow emotion-7"
        >
          <div
            class="MuiImageListItemBar-titleWrap MuiImageListItemBar-titleWrapBelow emotion-8"
          >
            <div
              class="MuiImageListItemBar-title emotion-9"
            >
              Image caption
            </div>
          </div>
        </div>
      </li>
      <li
        class="MuiImageListItem-root MuiImageListItem-standard emotion-4"
        style="height: auto; grid-column-end: span 1; grid-row-end: span 1;"
      >
        <img
          alt="An image description"
          class="emotion-5 emotion-6"
          loading="lazy"
          srcset="https://unsplash.it/800/800?5 800w,
https://unsplash.it/500/500?5 500w,
https://unsplash.it/300/300?5 300w,
https://unsplash.it/200/200?5 200w"
          title="An image title"
        />
        <div
          class="MuiImageListItemBar-root MuiImageListItemBar-positionBelow emotion-7"
        >
          <div
            class="MuiImageListItemBar-titleWrap MuiImageListItemBar-titleWrapBelow emotion-8"
          >
            <div
              class="MuiImageListItemBar-title emotion-9"
            >
              Image caption
            </div>
          </div>
        </div>
      </li>
      <li
        class="MuiImageListItem-root MuiImageListItem-standard emotion-4"
        style="height: auto; grid-column-end: span 1; grid-row-end: span 1;"
      >
        <img
          alt="An image description"
          class="emotion-5 emotion-6"
          loading="lazy"
          srcset="https://unsplash.it/800/800?6 800w,
https://unsplash.it/500/500?6 500w,
https://unsplash.it/300/300?6 300w,
https://unsplash.it/200/200?6 200w"
          title="An image title"
        />
        <div
          class="MuiImageListItemBar-root MuiImageListItemBar-positionBelow emotion-7"
        >
          <div
            class="MuiImageListItemBar-titleWrap MuiImageListItemBar-titleWrapBelow emotion-8"
          >
            <div
              class="MuiImageListItemBar-title emotion-9"
            >
              Image caption
            </div>
          </div>
        </div>
      </li>
      <li
        class="MuiImageListItem-root MuiImageListItem-standard emotion-4"
        style="height: auto; grid-column-end: span 1; grid-row-end: span 1;"
      >
        <img
          alt="An image description"
          class="emotion-5 emotion-6"
          loading="lazy"
          srcset="https://unsplash.it/800/800?7 800w,
https://unsplash.it/500/500?7 500w,
https://unsplash.it/300/300?7 300w,
https://unsplash.it/200/200?7 200w"
          title="An image title"
        />
        <div
          class="MuiImageListItemBar-root MuiImageListItemBar-positionBelow emotion-7"
        >
          <div
            class="MuiImageListItemBar-titleWrap MuiImageListItemBar-titleWrapBelow emotion-8"
          >
            <div
              class="MuiImageListItemBar-title emotion-9"
            >
              Image caption
            </div>
          </div>
        </div>
      </li>
      <li
        class="MuiImageListItem-root MuiImageListItem-standard emotion-4"
        style="height: auto; grid-column-end: span 1; grid-row-end: span 1;"
      >
        <img
          alt="An image description"
          class="emotion-5 emotion-6"
          loading="lazy"
          srcset="https://unsplash.it/800/800?8 800w,
https://unsplash.it/500/500?8 500w,
https://unsplash.it/300/300?8 300w,
https://unsplash.it/200/200?8 200w"
          title="An image title"
        />
        <div
          class="MuiImageListItemBar-root MuiImageListItemBar-positionBelow emotion-7"
        >
          <div
            class="MuiImageListItemBar-titleWrap MuiImageListItemBar-titleWrapBelow emotion-8"
          >
            <div
              class="MuiImageListItemBar-title emotion-9"
            >
              Image caption
            </div>
          </div>
        </div>
      </li>
      <li
        class="MuiImageListItem-root MuiImageListItem-standard emotion-4"
        style="height: auto; grid-column-end: span 1; grid-row-end: span 1;"
      >
        <img
          alt="An image description"
          class="emotion-5 emotion-6"
          loading="lazy"
          srcset="https://unsplash.it/800/800?9 800w,
https://unsplash.it/500/500?9 500w,
https://unsplash.it/300/300?9 300w,
https://unsplash.it/200/200?9 200w"
          title="An image title"
        />
        <div
          class="MuiImageListItemBar-root MuiImageListItemBar-positionBelow emotion-7"
        >
          <div
            class="MuiImageListItemBar-titleWrap MuiImageListItemBar-titleWrapBelow emotion-8"
          >
            <div
              class="MuiImageListItemBar-title emotion-9"
            >
              Image caption
            </div>
          </div>
        </div>
      </li>
      <li
        class="MuiImageListItem-root MuiImageListItem-standard emotion-4"
        style="height: auto; grid-column-end: span 1; grid-row-end: span 1;"
      >
        <img
          alt="An image description"
          class="emotion-5 emotion-6"
          loading="lazy"
          srcset="https://unsplash.it/800/800?10 800w,
https://unsplash.it/500/500?10 500w,
https://unsplash.it/300/300?10 300w,
https://unsplash.it/200/200?10 200w"
          title="An image title"
        />
        <div
          class="MuiImageListItemBar-root MuiImageListItemBar-positionBelow emotion-7"
        >
          <div
            class="MuiImageListItemBar-titleWrap MuiImageListItemBar-titleWrapBelow emotion-8"
          >
            <div
              class="MuiImageListItemBar-title emotion-9"
            >
              Image caption
            </div>
          </div>
        </div>
      </li>
    </ul>
  </figure>
</DocumentFragment>
`;

exports[`Image Gallery Block should render WithClassName 1`] = `
"Snapshot Diff:
- First value
+ Second value

@@ -1,8 +1,8 @@
  <DocumentFragment>
    <figure
-     class="css-1b0x59d-ImageGalleryBlockWrapper e5naayd1"
+     class="extra-classname css-1b0x59d-ImageGalleryBlockWrapper e5naayd1"
    >
      <ul
        class="MuiImageList-root MuiImageList-standard e5naayd0 css-eeca2y-MuiImageList-root-ImageGalleryBlockImageList"
        style="grid-template-columns: repeat(0, 1fr); gap: 8px;"
      >"
`;

exports[`Image Gallery Block should render WithEmotion 1`] = `
"Snapshot Diff:
Compared values have no visual difference."
`;

exports[`Image Gallery Block should render WithoutCaption 1`] = `
"Snapshot Diff:
- First value
+ Second value

@@ -26,13 +26,11 @@
            <div
              class="MuiImageListItemBar-titleWrap MuiImageListItemBar-titleWrapBelow css-186gwnw-MuiImageListItemBar-titleWrap"
            >
              <div
                class="MuiImageListItemBar-title css-dasnyc-MuiImageListItemBar-title"
-             >
-               Image caption
-             </div>
+             />
            </div>
          </div>
        </li>
        <li
          class="MuiImageListItem-root MuiImageListItem-standard css-ta95xa-MuiImageListItem-root"
@@ -194,13 +192,11 @@
            <div
              class="MuiImageListItemBar-titleWrap MuiImageListItemBar-titleWrapBelow css-186gwnw-MuiImageListItemBar-titleWrap"
            >
              <div
                class="MuiImageListItemBar-title css-dasnyc-MuiImageListItemBar-title"
-             >
-               Image caption
-             </div>
+             />
            </div>
          </div>
        </li>
        <li
          class="MuiImageListItem-root MuiImageListItem-standard css-ta95xa-MuiImageListItem-root""
`;
