// Jest Snapshot v1, https://goo.gl/fbAQLP

exports[`Richtext Block should render Default 1`] = `
"Snapshot Diff:
Compared values have no visual difference."
`;

exports[`Richtext Block should render WithClassName 1`] = `
"Snapshot Diff:
- First value
+ Second value

@@ -1,8 +1,8 @@
  <DocumentFragment>
    <div
-     class="css-1v4yto8-RichTextBlockWrapper eu4zjs90"
+     class="extra-classname css-1v4yto8-RichTextBlockWrapper eu4zjs90"
    >
      <div
        data-gramm="false"
        data-slate-editor="true"
        data-slate-node="value""
`;

exports[`Richtext Block should render WithEmotion 1`] = `
"Snapshot Diff:
Compared values have no visual difference."
`;
