// Jest Snapshot v1, https://goo.gl/fbAQLP

exports[`Navbar should render Default 1`] = `
<DocumentFragment>
  .emotion-0 {
  position: -webkit-sticky;
  position: sticky;
  top: 0;
  left: 0;
  right: 0;
  z-index: 10;
}

.emotion-2 {
  background-color: #fff;
  color: rgba(0, 0, 0, 0.87);
  -webkit-transition: box-shadow 300ms cubic-bezier(0.4, 0, 0.2, 1) 0ms;
  transition: box-shadow 300ms cubic-bezier(0.4, 0, 0.2, 1) 0ms;
  box-shadow: none;
  display: -webkit-box;
  display: -webkit-flex;
  display: -ms-flexbox;
  display: flex;
  -webkit-flex-direction: column;
  -ms-flex-direction: column;
  flex-direction: column;
  width: 100%;
  box-sizing: border-box;
  -webkit-flex-shrink: 0;
  -ms-flex-negative: 0;
  flex-shrink: 0;
  position: static;
  background-color: transparent;
  color: inherit;
}

.emotion-4 {
  position: relative;
  display: -webkit-box;
  display: -webkit-flex;
  display: -ms-flexbox;
  display: flex;
  -webkit-align-items: center;
  -webkit-box-align: center;
  -ms-flex-align: center;
  align-items: center;
  padding-left: 16px;
  padding-right: 16px;
  min-height: 56px;
  display: grid;
  -webkit-align-items: center;
  -webkit-box-align: center;
  -ms-flex-align: center;
  align-items: center;
  grid-auto-flow: column;
  -webkit-box-pack: justify;
  -webkit-justify-content: space-between;
  justify-content: space-between;
  justify-items: center;
}

@media (min-width:600px) {
  .emotion-4 {
    padding-left: 24px;
    padding-right: 24px;
  }
}

@media (min-width:0px) {
  @media (orientation: landscape) {
    .emotion-4 {
      min-height: 48px;
    }
  }
}

@media (min-width:600px) {
  .emotion-4 {
    min-height: 64px;
  }
}

@media (min-width:900px) {
  .emotion-4 {
    grid-auto-columns: 1fr;
  }
}

.emotion-5 {
  display: -webkit-box;
  display: -webkit-flex;
  display: -ms-flexbox;
  display: flex;
  -webkit-box-flex-flow: row wrap;
  -webkit-flex-flow: row wrap;
  -ms-flex-flow: row wrap;
  flex-flow: row wrap;
  -webkit-align-items: center;
  -webkit-box-align: center;
  -ms-flex-align: center;
  align-items: center;
  justify-self: start;
  gap: 16px;
}

.emotion-7 {
  display: -webkit-inline-box;
  display: -webkit-inline-flex;
  display: -ms-inline-flexbox;
  display: inline-flex;
  -webkit-align-items: center;
  -webkit-box-align: center;
  -ms-flex-align: center;
  align-items: center;
  -webkit-box-pack: center;
  -ms-flex-pack: center;
  -webkit-justify-content: center;
  justify-content: center;
  position: relative;
  box-sizing: border-box;
  -webkit-tap-highlight-color: transparent;
  background-color: transparent;
  outline: 0;
  border: 0;
  margin: 0;
  border-radius: 0;
  padding: 0;
  cursor: pointer;
  -webkit-user-select: none;
  -moz-user-select: none;
  -ms-user-select: none;
  user-select: none;
  vertical-align: middle;
  -moz-appearance: none;
  -webkit-appearance: none;
  -webkit-text-decoration: none;
  text-decoration: none;
  color: inherit;
  text-align: center;
  -webkit-flex: 0 0 auto;
  -ms-flex: 0 0 auto;
  flex: 0 0 auto;
  font-size: 1.5rem;
  padding: 8px;
  border-radius: 50%;
  overflow: visible;
  color: rgba(0, 0, 0, 0.54);
  -webkit-transition: background-color 150ms cubic-bezier(0.4, 0, 0.2, 1) 0ms;
  transition: background-color 150ms cubic-bezier(0.4, 0, 0.2, 1) 0ms;
  margin-left: -12px;
  color: #1976d2;
  padding: 12px;
  font-size: 1.75rem;
}

.emotion-7::-moz-focus-inner {
  border-style: none;
}

.emotion-7.Mui-disabled {
  pointer-events: none;
  cursor: default;
}

@media print {
  .emotion-7 {
    -webkit-print-color-adjust: exact;
    color-adjust: exact;
  }
}

.emotion-7:hover {
  background-color: rgba(0, 0, 0, 0.04);
}

@media (hover: none) {
  .emotion-7:hover {
    background-color: transparent;
  }
}

.emotion-7:hover {
  background-color: rgba(25, 118, 210, 0.04);
}

@media (hover: none) {
  .emotion-7:hover {
    background-color: transparent;
  }
}

.emotion-7.Mui-disabled {
  background-color: transparent;
  color: rgba(0, 0, 0, 0.26);
}

.emotion-8 {
  overflow: hidden;
  pointer-events: none;
  position: absolute;
  z-index: 0;
  top: 0;
  right: 0;
  bottom: 0;
  left: 0;
  border-radius: inherit;
}

.emotion-9 {
  display: none;
  grid-auto-flow: column;
  grid-auto-columns: max-content;
  gap: 16px;
  font-weight: 500;
  font-size: 1.125rem;
  text-transform: uppercase;
}

@media (min-width:600px) {
  .emotion-9 {
    display: grid;
  }
}

.emotion-11 {
  margin: 0;
  font: inherit;
  color: inherit;
  -webkit-text-decoration: none;
  text-decoration: none;
  color: inherit;
}

<nav
    class="emotion-0 emotion-1"
  >
    <header
      class="MuiPaper-root MuiPaper-elevation MuiPaper-elevation0 MuiAppBar-root MuiAppBar-colorTransparent MuiAppBar-positionStatic emotion-2"
    >
      <div
        class="MuiToolbar-root MuiToolbar-gutters MuiToolbar-regular emotion-3 emotion-4"
      >
        <div
          class="emotion-5 emotion-6"
        >
          <button
            aria-label="Menu"
            class="MuiButtonBase-root MuiIconButton-root MuiIconButton-colorPrimary MuiIconButton-edgeStart MuiIconButton-sizeLarge emotion-7"
            tabindex="0"
            type="button"
          >
            <svg
              fill="currentColor"
              height="1em"
              stroke="currentColor"
              stroke-width="0"
              viewBox="0 0 24 24"
              width="1em"
              xmlns="http://www.w3.org/2000/svg"
            >
              <path
                d="M0 0h24v24H0z"
                fill="none"
              />
              <path
                d="M3 18h18v-2H3v2zm0-5h18v-2H3v2zm0-7v2h18V6H3z"
              />
            </svg>
            <span
              class="MuiTouchRipple-root emotion-8"
            />
          </button>
          <div
            class="emotion-9 emotion-10"
          >
            <a
              class="MuiTypography-root MuiTypography-inherit MuiLink-root MuiLink-underlineNone emotion-11"
              href="/"
            >
              Home
            </a>
            <a
              class="MuiTypography-root MuiTypography-inherit MuiLink-root MuiLink-underlineNone emotion-11"
              href="/a/abcd"
            >
              Artikel
            </a>
            <a
              class="MuiTypography-root MuiTypography-inherit MuiLink-root MuiLink-underlineNone emotion-11"
              href="https://google.com"
            >
              Google
            </a>
          </div>
        </div>
      </div>
    </header>
  </nav>
</DocumentFragment>
`;

exports[`Navbar should render WithClassName 1`] = `
"Snapshot Diff:
- First value
+ Second value

@@ -1,8 +1,8 @@
  <DocumentFragment>
    <nav
-     class="css-1xe741k-NavbarWrapper ei6evl28"
+     class="extra-classname css-1xe741k-NavbarWrapper ei6evl28"
    >
      <header
        class="MuiPaper-root MuiPaper-elevation MuiPaper-elevation0 MuiAppBar-root MuiAppBar-colorTransparent MuiAppBar-positionStatic css-o9rtii-MuiPaper-root-MuiAppBar-root"
      >
        <div"
`;

exports[`Navbar should render WithEmotion 1`] = `
"Snapshot Diff:
Compared values have no visual difference."
`;

exports[`Navbar should render WithError 1`] = `
"Snapshot Diff:
- First value
+ Second value

@@ -38,30 +38,11 @@
                class="MuiTouchRipple-root css-8je8zh-MuiTouchRipple-root"
              />
            </button>
            <div
              class="css-pd0s4t-NavbarMainItems ei6evl25"
-           >
-             <a
-               class="MuiTypography-root MuiTypography-inherit MuiLink-root MuiLink-underlineNone css-19qjfsi-MuiTypography-root-MuiLink-root"
-               href="/"
-             >
-               Home
-             </a>
-             <a
-               class="MuiTypography-root MuiTypography-inherit MuiLink-root MuiLink-underlineNone css-19qjfsi-MuiTypography-root-MuiLink-root"
-               href="/a/abcd"
-             >
-               Artikel
-             </a>
-             <a
-               class="MuiTypography-root MuiTypography-inherit MuiLink-root MuiLink-underlineNone css-19qjfsi-MuiTypography-root-MuiLink-root"
-               href="https://google.com"
-             >
-               Google
-             </a>
-           </div>
+           />
          </div>
        </div>
      </header>
    </nav>
  </DocumentFragment>"
`;

exports[`Navbar should render WithLoading 1`] = `
"Snapshot Diff:
- First value
+ Second value

@@ -38,30 +38,11 @@
                class="MuiTouchRipple-root css-8je8zh-MuiTouchRipple-root"
              />
            </button>
            <div
              class="css-pd0s4t-NavbarMainItems ei6evl25"
-           >
-             <a
-               class="MuiTypography-root MuiTypography-inherit MuiLink-root MuiLink-underlineNone css-19qjfsi-MuiTypography-root-MuiLink-root"
-               href="/"
-             >
-               Home
-             </a>
-             <a
-               class="MuiTypography-root MuiTypography-inherit MuiLink-root MuiLink-underlineNone css-19qjfsi-MuiTypography-root-MuiLink-root"
-               href="/a/abcd"
-             >
-               Artikel
-             </a>
-             <a
-               class="MuiTypography-root MuiTypography-inherit MuiLink-root MuiLink-underlineNone css-19qjfsi-MuiTypography-root-MuiLink-root"
-               href="https://google.com"
-             >
-               Google
-             </a>
-           </div>
+           />
          </div>
        </div>
      </header>
    </nav>
  </DocumentFragment>"
`;

exports[`Navbar should render WithoutItems 1`] = `
"Snapshot Diff:
- First value
+ Second value

@@ -38,30 +38,11 @@
                class="MuiTouchRipple-root css-8je8zh-MuiTouchRipple-root"
              />
            </button>
            <div
              class="css-pd0s4t-NavbarMainItems ei6evl25"
-           >
-             <a
-               class="MuiTypography-root MuiTypography-inherit MuiLink-root MuiLink-underlineNone css-19qjfsi-MuiTypography-root-MuiLink-root"
-               href="/"
-             >
-               Home
-             </a>
-             <a
-               class="MuiTypography-root MuiTypography-inherit MuiLink-root MuiLink-underlineNone css-19qjfsi-MuiTypography-root-MuiLink-root"
-               href="/a/abcd"
-             >
-               Artikel
-             </a>
-             <a
-               class="MuiTypography-root MuiTypography-inherit MuiLink-root MuiLink-underlineNone css-19qjfsi-MuiTypography-root-MuiLink-root"
-               href="https://google.com"
-             >
-               Google
-             </a>
-           </div>
+           />
          </div>
        </div>
      </header>
    </nav>
  </DocumentFragment>"
`;
