// Jest Snapshot v1, https://goo.gl/fbAQLP

exports[`Navbar Container should render Default 1`] = `
"Snapshot Diff:
Compared values have no visual difference."
`;

exports[`Navbar Container should render WithClassName 1`] = `
"Snapshot Diff:
- First value
+ Second value

@@ -1,8 +1,8 @@
  <DocumentFragment>
    <nav
-     class="css-1xe741k-NavbarWrapper ei6evl28"
+     class="extra-classname css-1xe741k-NavbarWrapper ei6evl28"
    >
      <header
        class="MuiPaper-root MuiPaper-elevation MuiPaper-elevation0 MuiAppBar-root MuiAppBar-colorTransparent MuiAppBar-positionStatic css-o9rtii-MuiPaper-root-MuiAppBar-root"
      >
        <div"
`;

exports[`Navbar Container should render WithEmotion 1`] = `
"Snapshot Diff:
Compared values have no visual difference."
`;
