// Jest Snapshot v1, https://goo.gl/fbAQLP

exports[`Event Container should render Default 1`] = `
<DocumentFragment>
  .emotion-0 {
  display: grid;
  gap: 8px;
}

.emotion-2 {
  max-width: 100%;
  height: auto;
  aspect-ratio: auto 0.6666666666666666;
  max-height: 80lvh;
  object-fit: contain;
  aspect-ratio: 16/9;
  object-fit: cover;
}

.emotion-4 {
  display: grid;
  grid-template-columns: auto auto;
  -webkit-box-pack: justify;
  -webkit-justify-content: space-between;
  justify-content: space-between;
  -webkit-align-items: center;
  -webkit-box-align: center;
  -ms-flex-align: center;
  align-items: center;
  gap: 16px;
}

.emotion-6 {
  display: grid;
  grid-template-columns: auto auto auto;
  gap: 16px;
  -webkit-box-pack: start;
  -ms-flex-pack: start;
  -webkit-justify-content: flex-start;
  justify-content: flex-start;
  -webkit-align-items: center;
  -webkit-box-align: center;
  -ms-flex-align: center;
  align-items: center;
}

.emotion-8 {
  display: grid;
  grid-template-columns: auto auto;
  gap: 8px;
  -webkit-align-items: center;
  -webkit-box-align: center;
  -ms-flex-align: center;
  align-items: center;
}

.emotion-12 {
  display: grid;
  gap: 40px;
  grid-template-rows: min-content min-content;
}

.emotion-14 {
  margin: 0;
  font-family: "Roboto","Helvetica","Arial",sans-serif;
  font-weight: 400;
  font-size: 3rem;
  line-height: 1.167;
  letter-spacing: 0em;
}

.emotion-17 {
  margin: 0;
  font-family: "Roboto","Helvetica","Arial",sans-serif;
  font-weight: 400;
  font-size: 1rem;
  line-height: 1.5;
  letter-spacing: 0.00938em;
  margin-bottom: 0.35em;
}

<article
    class="emotion-0 emotion-1"
  >
    <div
      data-testid="fake-head"
    >
      <meta
        content="website"
        property="og:type"
      />
      <meta
        content="Cool concert"
        property="og:title"
      />
      <meta
        content="Lorem ipsum dolor sit amet, consectetur adipiscing elit, sed do eiusmod tempor incididunt ut labore et dolore magna aliqua. Ut enim ad minim veniam, quis nostrud exercitation ullamco laboris nisi ut aliquip ex ea commodo consequat. Duis aute irure dolor in reprehenderit in voluptate velit esse cillum dolore eu fugiat nulla pariatur. Excepteur sint occaecat cupidatat non proident, sunt in culpa qui officia deserunt mollit anim id est laborum."
        property="og:description"
      />
      <meta
        content="Lorem ipsum dolor sit amet, consectetur adipiscing elit, sed do eiusmod tempor incididunt ut labore et dolore magna aliqua. Ut enim ad minim veniam, quis nostrud exercitation ullamco laboris nisi ut aliquip ex ea commodo consequat. Duis aute irure dolor in reprehenderit in voluptate velit esse cillum dolore eu fugiat nulla pariatur. Excepteur sint occaecat cupidatat non proident, sunt in culpa qui officia deserunt mollit anim id est laborum."
        name="description"
      />
      <meta
        content="https://example.com"
        property="og:url"
      />
      <link
        href="https://example.com"
        rel="canonical"
      />
      <meta
        content="https://unsplash.it/500/300"
        property="og:image"
      />
      <meta
        content="summary_large_image"
        name="twitter:card"
      />
    </div>
    <script
      data-testid="fake-script"
      type="application/ld+json"
    >
      {"@context":"http://schema.org","@type":"Event","startDate":"2023-02-24T09:00:00Z","endDate":"2023-02-25T07:30:00Z","duration":"P0Y0M0DT22H30M0S","keywords":"Concert","eventStatus":"SCHEDULED","location":"Basel","image":"https://unsplash.it/500/300","name":"Cool concert","description":"Lorem ipsum dolor sit amet, consectetur adipiscing elit, sed do eiusmod tempor incididunt ut labore et dolore magna aliqua. Ut enim ad minim veniam, quis nostrud exercitation ullamco laboris nisi ut aliquip ex ea commodo consequat. Duis aute irure dolor in reprehenderit in voluptate velit esse cillum dolore eu fugiat nulla pariatur. Excepteur sint occaecat cupidatat non proident, sunt in culpa qui officia deserunt mollit anim id est laborum."}
    </script>
    <img
      alt="DSC07717"
      class="emotion-2 emotion-3"
      loading="lazy"
      srcset="https://unsplash.it/800/400 800w,
https://unsplash.it/500/300 500w,
https://unsplash.it/300/200 300w,
https://unsplash.it/200/100 200w"
      title=""
    />
    <div
      class="emotion-4 emotion-5"
    >
      <div
        class="emotion-6 emotion-7"
      >
        <div
          class="emotion-8 emotion-9"
        >
          <svg
            fill="currentColor"
            height="1em"
            stroke="currentColor"
            stroke-width="0"
            viewBox="0 0 24 24"
            width="1em"
            xmlns="http://www.w3.org/2000/svg"
          >
            <path
              d="M0 0h24v24H0z"
              fill="none"
            />
            <path
              d="M9 11H7v2h2v-2zm4 0h-2v2h2v-2zm4 0h-2v2h2v-2zm2-7h-1V2h-2v2H8V2H6v2H5c-1.11 0-1.99.9-1.99 2L3 20a2 2 0 002 2h14c1.1 0 2-.9 2-2V6c0-1.1-.9-2-2-2zm0 16H5V9h14v11z"
            />
          </svg>
          24.02.2023 09:00
        </div>
        <span>
          â€“
        </span>
         25.02.2023 07:30
      </div>
      <div
        class="emotion-6 emotion-7"
      >
        <svg
          fill="currentColor"
          height="1em"
          stroke="currentColor"
          stroke-width="0"
          viewBox="0 0 24 24"
          width="1em"
          xmlns="http://www.w3.org/2000/svg"
        >
          <path
            d="M0 0h24v24H0z"
            fill="none"
          />
          <path
            d="M15 11V5l-3-3-3 3v2H3v14h18V11h-6zm-8 8H5v-2h2v2zm0-4H5v-2h2v2zm0-4H5V9h2v2zm6 8h-2v-2h2v2zm0-4h-2v-2h2v2zm0-4h-2V9h2v2zm0-4h-2V5h2v2zm6 12h-2v-2h2v2zm0-4h-2v-2h2v2z"
          />
        </svg>
         Basel
      </div>
    </div>
    <div
      class="emotion-12 emotion-13"
    >
      <h1
        class="MuiTypography-root MuiTypography-h3 emotion-14"
      >
        Cool concert
      </h1>
    </div>
    <div
      class="emotion-15 emotion-16"
    >
      <div
        data-gramm="false"
        data-slate-editor="true"
        data-slate-node="value"
        style="outline: none; white-space: pre-wrap; word-wrap: break-word;"
      >
        <p
          class="MuiTypography-root MuiTypography-body1 MuiTypography-gutterBottom emotion-17"
          data-slate-node="element"
        >
          <span
            data-slate-node="text"
          >
            <span
              data-slate-string="true"
            >
              Lorem ipsum dolor sit amet, 
            </span>
          </span>
          <span
            data-slate-node="text"
          >
            <strong
              data-slate-leaf="true"
            >
              <span
                data-slate-string="true"
              >
                consectetur adipiscing elit, 
              </span>
            </strong>
          </span>
          <span
            data-slate-node="text"
          >
            <em
              data-slate-leaf="true"
            >
              <span
                data-slate-string="true"
              >
                sed do eiusmod tempor incididunt ut labore et dolore magna aliqua. 
              </span>
            </em>
          </span>
          <span
            data-slate-node="text"
          >
            <u
              data-slate-leaf="true"
            >
              <span
                data-slate-string="true"
              >
                Ut enim ad minim veniam, 
              </span>
            </u>
          </span>
          <span
            data-slate-node="text"
          >
            <del
              data-slate-leaf="true"
            >
              <span
                data-slate-string="true"
              >
                quis nostrud exercitation ullamco laboris nisi ut aliquip ex ea commodo consequat. 
              </span>
            </del>
          </span>
          <span
            data-slate-node="text"
          >
            <span
              data-slate-string="true"
            >
              Duis aute irure dolor in reprehenderit in voluptate velit esse cillum dolore eu fugiat nulla pariatur. 
            </span>
          </span>
          <span
            data-slate-node="text"
          >
            <span
              data-slate-string="true"
            >
              Excepteur sint occaecat cupidatat non proident, sunt in culpa qui officia deserunt mollit anim id est laborum.
            </span>
          </span>
        </p>
        <p
          class="MuiTypography-root MuiTypography-body1 MuiTypography-gutterBottom emotion-17"
          data-slate-node="element"
        >
          <span
            data-slate-node="text"
          >
            <span
              data-slate-string="true"
            >
              Lorem ipsum dolor sit amet, 
            </span>
          </span>
          <span
            data-slate-node="text"
          >
            <strong
              data-slate-leaf="true"
            >
              <span
                data-slate-string="true"
              >
                consectetur adipiscing elit, 
              </span>
            </strong>
          </span>
          <span
            data-slate-node="text"
          >
            <em
              data-slate-leaf="true"
            >
              <span
                data-slate-string="true"
              >
                sed do eiusmod tempor incididunt ut labore et dolore magna aliqua. 
              </span>
            </em>
          </span>
          <span
            data-slate-node="text"
          >
            <u
              data-slate-leaf="true"
            >
              <span
                data-slate-string="true"
              >
                Ut enim ad minim veniam, 
              </span>
            </u>
          </span>
          <span
            data-slate-node="text"
          >
            <del
              data-slate-leaf="true"
            >
              <span
                data-slate-string="true"
              >
                quis nostrud exercitation ullamco laboris nisi ut aliquip ex ea commodo consequat. 
              </span>
            </del>
          </span>
          <span
            data-slate-node="text"
          >
            <span
              data-slate-string="true"
            >
              Duis aute irure dolor in reprehenderit in voluptate velit esse cillum dolore eu fugiat nulla pariatur. 
            </span>
          </span>
          <span
            data-slate-node="text"
          >
            <span
              data-slate-string="true"
            >
              Excepteur sint occaecat cupidatat non proident, sunt in culpa qui officia deserunt mollit anim id est laborum.
            </span>
          </span>
        </p>
        <p
          class="MuiTypography-root MuiTypography-body1 MuiTypography-gutterBottom emotion-17"
          data-slate-node="element"
        >
          <span
            data-slate-node="text"
          >
            <span
              data-slate-string="true"
            >
              Lorem ipsum dolor sit amet, 
            </span>
          </span>
          <span
            data-slate-node="text"
          >
            <strong
              data-slate-leaf="true"
            >
              <span
                data-slate-string="true"
              >
                consectetur adipiscing elit, 
              </span>
            </strong>
          </span>
          <span
            data-slate-node="text"
          >
            <em
              data-slate-leaf="true"
            >
              <span
                data-slate-string="true"
              >
                sed do eiusmod tempor incididunt ut labore et dolore magna aliqua. 
              </span>
            </em>
          </span>
          <span
            data-slate-node="text"
          >
            <u
              data-slate-leaf="true"
            >
              <span
                data-slate-string="true"
              >
                Ut enim ad minim veniam, 
              </span>
            </u>
          </span>
          <span
            data-slate-node="text"
          >
            <del
              data-slate-leaf="true"
            >
              <span
                data-slate-string="true"
              >
                quis nostrud exercitation ullamco laboris nisi ut aliquip ex ea commodo consequat. 
              </span>
            </del>
          </span>
          <span
            data-slate-node="text"
          >
            <span
              data-slate-string="true"
            >
              Duis aute irure dolor in reprehenderit in voluptate velit esse cillum dolore eu fugiat nulla pariatur. 
            </span>
          </span>
          <span
            data-slate-node="text"
          >
            <span
              data-slate-string="true"
            >
              Excepteur sint occaecat cupidatat non proident, sunt in culpa qui officia deserunt mollit anim id est laborum.
            </span>
          </span>
        </p>
        <p
          class="MuiTypography-root MuiTypography-body1 MuiTypography-gutterBottom emotion-17"
          data-slate-node="element"
        >
          <span
            data-slate-node="text"
          >
            <span
              data-slate-string="true"
            >
              Lorem ipsum dolor sit amet, 
            </span>
          </span>
          <span
            data-slate-node="text"
          >
            <strong
              data-slate-leaf="true"
            >
              <span
                data-slate-string="true"
              >
                consectetur adipiscing elit, 
              </span>
            </strong>
          </span>
          <span
            data-slate-node="text"
          >
            <em
              data-slate-leaf="true"
            >
              <span
                data-slate-string="true"
              >
                sed do eiusmod tempor incididunt ut labore et dolore magna aliqua. 
              </span>
            </em>
          </span>
          <span
            data-slate-node="text"
          >
            <u
              data-slate-leaf="true"
            >
              <span
                data-slate-string="true"
              >
                Ut enim ad minim veniam, 
              </span>
            </u>
          </span>
          <span
            data-slate-node="text"
          >
            <del
              data-slate-leaf="true"
            >
              <span
                data-slate-string="true"
              >
                quis nostrud exercitation ullamco laboris nisi ut aliquip ex ea commodo consequat. 
              </span>
            </del>
          </span>
          <span
            data-slate-node="text"
          >
            <span
              data-slate-string="true"
            >
              Duis aute irure dolor in reprehenderit in voluptate velit esse cillum dolore eu fugiat nulla pariatur. 
            </span>
          </span>
          <span
            data-slate-node="text"
          >
            <span
              data-slate-string="true"
            >
              Excepteur sint occaecat cupidatat non proident, sunt in culpa qui officia deserunt mollit anim id est laborum.
            </span>
          </span>
        </p>
      </div>
    </div>
  </article>
</DocumentFragment>
`;

exports[`Event Container should render WithClassName 1`] = `
"Snapshot Diff:
- First value
+ Second value

@@ -1,8 +1,8 @@
  <DocumentFragment>
    <article
-     class="css-uh6yvp-EventWrapper ec2zadl3"
+     class="extra-classname css-uh6yvp-EventWrapper ec2zadl3"
    >
      <div
        data-testid="fake-head"
      >
        <meta"
`;

exports[`Event Container should render WithEmotion 1`] = `
"Snapshot Diff:
Compared values have no visual difference."
`;
