// Jest Snapshot v1, https://goo.gl/fbAQLP

exports[`Twitter Tweet Block should render Default 1`] = `
"Snapshot Diff:
- First value
+ Second value

@@ -2,33 +2,24 @@
    <div
      class="css-126lgzk-TwitterTweetBlockWrapper ezw9q4b0"
      data-theme="dark"
    >
      <div
-       class="react-tweet-theme root root"
+       class="react-tweet-theme root"
      >
        <article
          class="article"
        >
-         <span
-           class="skeleton"
-           style="height: 3rem; margin-bottom: 0.75rem;"
-         />
-         <span
-           class="skeleton"
-           style="height: 6rem; margin: 0.5rem 0px;"
-         />
          <div
-           style="margin: 0.5rem 0px;"
-         />
-         <span
-           class="skeleton"
-           style="height: 2rem;"
-         />
-         <span
-           class="skeleton"
-           style="height: 2rem; border-radius: 9999px; margin-top: 0.5rem;"
-         />
+           class="root"
+         >
+           <h3>
+             Tweet not found
+           </h3>
+           <p>
+             The embedded tweet could not be foundâ€¦
+           </p>
+         </div>
        </article>
      </div>
    </div>
  </DocumentFragment>"
`;

exports[`Twitter Tweet Block should render WithClassName 1`] = `
"Snapshot Diff:
- First value
+ Second value

@@ -1,8 +1,8 @@
  <DocumentFragment>
    <div
-     class="css-126lgzk-TwitterTweetBlockWrapper ezw9q4b0"
+     class="extra-classname css-126lgzk-TwitterTweetBlockWrapper ezw9q4b0"
      data-theme="dark"
    >
      <div
        class="react-tweet-theme root root"
      >"
`;
