// Jest Snapshot v1, https://goo.gl/fbAQLP

exports[`Author Chip should render Default 1`] = `
<DocumentFragment>
  .emotion-0 {
  display: grid;
  gap: 24px;
  grid-template-columns: 65px 1fr;
  -webkit-align-items: center;
  -webkit-box-align: center;
  -ms-flex-align: center;
  align-items: center;
}

.emotion-2 {
  display: grid;
}

.emotion-4 {
  max-width: 100%;
  height: auto;
  aspect-ratio: auto 0.6666666666666666;
  max-height: 80lvh;
  object-fit: contain;
  border-radius: 50%;
}

.emotion-6 {
  display: grid;
}

.emotion-10 {
  margin: 0;
  font: inherit;
  color: #1976d2;
  -webkit-text-decoration: underline;
  text-decoration: underline;
  text-decoration-color: rgba(25, 118, 210, 0.4);
}

.emotion-10:hover {
  text-decoration-color: inherit;
}

<aside
    class="emotion-0 emotion-1"
  >
    <div
      class="emotion-2 emotion-3"
    >
      <img
        alt="DSC07717"
        class="emotion-4 emotion-5"
        loading="lazy"
        srcset="https://unsplash.it/800/800 800w,
https://unsplash.it/500/500 500w,
https://unsplash.it/300/300 300w,
https://unsplash.it/200/200 200w"
        title=""
      />
    </div>
    <div
      class="emotion-6 emotion-7"
    >
      <div
        class="emotion-8 emotion-9"
      >
        <strong>
          Von 
          <a
            class="MuiTypography-root MuiTypography-inherit MuiLink-root MuiLink-underlineAlways emotion-10"
            href="https://example.com"
          >
            Foobar
          </a>
        </strong>
      </div>
      <div
        class="emotion-11 emotion-12"
      >
        Editor
      </div>
    </div>
  </aside>
</DocumentFragment>
`;

exports[`Author Chip should render WithClassName 1`] = `
"Snapshot Diff:
- First value
+ Second value

@@ -1,8 +1,8 @@
  <DocumentFragment>
    <aside
-     class="css-11wsbvp-AuthorChipWrapper e1jhd13z4"
+     class="extra-classname css-11wsbvp-AuthorChipWrapper e1jhd13z4"
    >
      <div
        class="css-1rqnsx9-AuthorChipImageWrapper e1jhd13z3"
      >
        <img"
`;

exports[`Author Chip should render WithEmotion 1`] = `
"Snapshot Diff:
Compared values have no visual difference."
`;

exports[`Author Chip should render WithoutImage 1`] = `
"Snapshot Diff:
- First value
+ Second value

@@ -2,22 +2,11 @@
    <aside
      class="css-11wsbvp-AuthorChipWrapper e1jhd13z4"
    >
      <div
        class="css-1rqnsx9-AuthorChipImageWrapper e1jhd13z3"
-     >
-       <img
-         alt="DSC07717"
-         class="css-1ij2yax-ImageWrapper-AuthorChip e1shv2yg0"
-         loading="lazy"
-         srcset="https://unsplash.it/800/800 800w,
- https://unsplash.it/500/500 500w,
- https://unsplash.it/300/300 300w,
- https://unsplash.it/200/200 200w"
-         title=""
      />
-     </div>
      <div
        class="css-dpf16q-AuthorChipContentWrapper e1jhd13z2"
      >
        <div
          class="css-ohez13-AuthorChipName e1jhd13z0""
`;

exports[`Author Chip should render WithoutJobTitle 1`] = `
"Snapshot Diff:
- First value
+ Second value

@@ -30,13 +30,8 @@
            >
              Foobar
            </a>
          </strong>
        </div>
-       <div
-         class="css-1hxmk8r-AuthorChipJobTitle e1jhd13z1"
-       >
-         Editor
-       </div>
      </div>
    </aside>
  </DocumentFragment>"
`;
