// Jest Snapshot v1, https://goo.gl/fbAQLP

exports[`PeerArticle Container should render ById 1`] = `
<DocumentFragment>
  .emotion-0 {
  display: grid;
  gap: 24px;
}

<article
    class="emotion-0 emotion-1"
  />
</DocumentFragment>
`;

exports[`PeerArticle Container should render BySlug 1`] = `
"Snapshot Diff:
Compared values have no visual difference."
`;

exports[`PeerArticle Container should render WithClassName 1`] = `
"Snapshot Diff:
Compared values have no visual difference."
`;

exports[`PeerArticle Container should render WithEmotion 1`] = `
"Snapshot Diff:
Compared values have no visual difference."
`;
