// Jest Snapshot v1, https://goo.gl/fbAQLP

exports[`Title Block should render Default 1`] = `
"Snapshot Diff:
Compared values have no visual difference."
`;

exports[`Title Block should render WithClassName 1`] = `
"Snapshot Diff:
- First value
+ Second value

@@ -1,8 +1,8 @@
  <DocumentFragment>
    <div
-     class="css-6jfyyt-TitleBlockWrapper ek0hk6a0"
+     class="extra-classname css-6jfyyt-TitleBlockWrapper ek0hk6a0"
    >
      <h1
        class="MuiTypography-root MuiTypography-h3 css-gepadz-MuiTypography-root"
      >
        This is a title"
`;

exports[`Title Block should render WithEmotion 1`] = `
"Snapshot Diff:
Compared values have no visual difference."
`;

exports[`Title Block should render WithoutLead 1`] = `
"Snapshot Diff:
- First value
+ Second value

@@ -5,12 +5,7 @@
      <h1
        class="MuiTypography-root MuiTypography-h3 css-gepadz-MuiTypography-root"
      >
        This is a title
      </h1>
-     <p
-       class="MuiTypography-root MuiTypography-h6 css-2ulfj5-MuiTypography-root"
-     >
-       This is a lead
-     </p>
    </div>
  </DocumentFragment>"
`;
