// Jest Snapshot v1, https://goo.gl/fbAQLP

exports[`Facebook Post Block should render Default 1`] = `
"Snapshot Diff:
Compared values have no visual difference."
`;

exports[`Facebook Post Block should render WithClassName 1`] = `
"Snapshot Diff:
- First value
+ Second value

  <DocumentFragment>
    <div
-     class="css-1jn5h8s-FacebookPostBlockWrapper e2wfn2e0"
+     class="extra-classname css-1jn5h8s-FacebookPostBlockWrapper e2wfn2e0"
    />
  </DocumentFragment>"
`;
