// Jest Snapshot v1, https://goo.gl/fbAQLP

exports[`Polis Conversaion Block should render Default 1`] = `
"Snapshot Diff:
Compared values have no visual difference."
`;

exports[`Polis Conversaion Block should render WithClassName 1`] = `
"Snapshot Diff:
- First value
+ Second value

  <DocumentFragment>
    <div
-     class="css-1869d74-PolisConversationBlockWrapper e7nf02t0"
+     class="extra-classname css-1869d74-PolisConversationBlockWrapper e7nf02t0"
    />
  </DocumentFragment>"
`;
