// Jest Snapshot v1, https://goo.gl/fbAQLP

exports[`Quote Block should render Default 1`] = `
"Snapshot Diff:
Compared values have no visual difference."
`;

exports[`Quote Block should render WithClassName 1`] = `
"Snapshot Diff:
- First value
+ Second value

@@ -1,8 +1,8 @@
  <DocumentFragment>
    <blockquote
-     class="css-pjzed4-QuoteBlockWrapper e1ugt7gl0"
+     class="extra-classname css-pjzed4-QuoteBlockWrapper e1ugt7gl0"
    >
      <p
        class="MuiTypography-root MuiTypography-h4 css-5lbw0b-MuiTypography-root"
      >
        «This is a quote»"
`;

exports[`Quote Block should render WithEmotion 1`] = `
"Snapshot Diff:
Compared values have no visual difference."
`;
