// Jest Snapshot v1, https://goo.gl/fbAQLP

exports[`Rating should render Rating 1`] = `
<DocumentFragment>
  .emotion-0 {
  display: -webkit-box;
  display: -webkit-flex;
  display: -ms-flexbox;
  display: flex;
  -webkit-flex-direction: column;
  -ms-flex-direction: column;
  flex-direction: column;
  gap: 8px;
  -webkit-align-items: start;
  -webkit-box-align: start;
  -ms-flex-align: start;
  align-items: start;
}

.emotion-1 .MuiRating-iconFilled {
  color: #1976d2;
}

.emotion-1 .MuiRating-iconHover {
  color: #1976d2;
}

.emotion-1 .MuiRating-iconEmpty {
  color: #bdbdbd;
}

.emotion-2 {
  display: -webkit-inline-box;
  display: -webkit-inline-flex;
  display: -ms-inline-flexbox;
  display: inline-flex;
  position: relative;
  font-size: 1.5rem;
  color: #faaf00;
  cursor: pointer;
  text-align: left;
  -webkit-tap-highlight-color: transparent;
}

.emotion-2.Mui-disabled {
  opacity: 0.38;
  pointer-events: none;
}

.emotion-2.Mui-focusVisible .MuiRating-iconActive {
  outline: 1px solid #999;
}

.emotion-2 .MuiRating-visuallyHidden {
  border: 0;
  clip: rect(0 0 0 0);
  height: 1px;
  margin: -1px;
  overflow: hidden;
  padding: 0;
  position: absolute;
  white-space: nowrap;
  width: 1px;
}

.emotion-3 {
  cursor: inherit;
}

.emotion-4 {
  display: -webkit-box;
  display: -webkit-flex;
  display: -ms-flexbox;
  display: flex;
  -webkit-transition: -webkit-transform 150ms cubic-bezier(0.4, 0, 0.2, 1) 0ms;
  transition: transform 150ms cubic-bezier(0.4, 0, 0.2, 1) 0ms;
  pointer-events: none;
  color: rgba(0, 0, 0, 0.26);
}

.emotion-17 {
  display: -webkit-box;
  display: -webkit-flex;
  display: -ms-flexbox;
  display: flex;
  -webkit-transition: -webkit-transform 150ms cubic-bezier(0.4, 0, 0.2, 1) 0ms;
  transition: transform 150ms cubic-bezier(0.4, 0, 0.2, 1) 0ms;
  pointer-events: none;
}

.emotion-28 {
  display: -webkit-inline-box;
  display: -webkit-inline-flex;
  display: -ms-inline-flexbox;
  display: inline-flex;
  position: relative;
  font-size: 1.5rem;
  color: #faaf00;
  cursor: pointer;
  text-align: left;
  -webkit-tap-highlight-color: transparent;
  pointer-events: none;
}

.emotion-28.Mui-disabled {
  opacity: 0.38;
  pointer-events: none;
}

.emotion-28.Mui-focusVisible .MuiRating-iconActive {
  outline: 1px solid #999;
}

.emotion-28 .MuiRating-visuallyHidden {
  border: 0;
  clip: rect(0 0 0 0);
  height: 1px;
  margin: -1px;
  overflow: hidden;
  padding: 0;
  position: absolute;
  white-space: nowrap;
  width: 1px;
}

.emotion-47 .MuiRating-iconFilled {
  color: #00F;
}

.emotion-47 .MuiRating-iconHover {
  color: #F00;
}

.emotion-47 .MuiRating-iconEmpty {
  color: #000;
}

.emotion-60 .MuiRating-iconFilled {
  color: #f50;
}

.emotion-60 .MuiRating-iconHover {
  color: #f50;
}

.emotion-60 .MuiRating-iconEmpty {
  color: #A77;
}

.emotion-73 {
  margin: 0;
  font: inherit;
  color: #1976d2;
  -webkit-text-decoration: underline;
  text-decoration: underline;
  text-decoration-color: rgba(25, 118, 210, 0.4);
}

.emotion-73:hover {
  text-decoration-color: inherit;
}

<div
    class="MuiStack-root emotion-0"
  >
    <div
      class="emotion-1"
    >
      <span
        class="MuiRating-root MuiRating-sizeMedium emotion-2"
      >
        <label
          class="emotion-3"
          for=":r1:"
        >
          <span
            class="MuiRating-icon MuiRating-iconEmpty emotion-4"
          >
            <svg
              fill="currentColor"
              height="1em"
              stroke="currentColor"
              stroke-width="0"
              viewBox="0 0 24 24"
              width="1em"
              xmlns="http://www.w3.org/2000/svg"
            >
              <path
                d="M0 0h24v24H0z"
                fill="none"
              />
              <path
                d="M22 9.24l-7.19-.62L12 2 9.19 8.63 2 9.24l5.46 4.73L5.82 21 12 17.27 18.18 21l-1.63-7.03L22 9.24zM12 15.4l-3.76 2.27 1-4.28-3.32-2.88 4.38-.38L12 6.1l1.71 4.04 4.38.38-3.32 2.88 1 4.28L12 15.4z"
              />
            </svg>
          </span>
          <span
            class="MuiRating-visuallyHidden"
          >
            1 Star
          </span>
        </label>
        <input
          class="MuiRating-visuallyHidden"
          id=":r1:"
          name=":r0:"
          type="radio"
          value="1"
        />
        <label
          class="emotion-3"
          for=":r2:"
        >
          <span
            class="MuiRating-icon MuiRating-iconEmpty emotion-4"
          >
            <svg
              fill="currentColor"
              height="1em"
              stroke="currentColor"
              stroke-width="0"
              viewBox="0 0 24 24"
              width="1em"
              xmlns="http://www.w3.org/2000/svg"
            >
              <path
                d="M0 0h24v24H0z"
                fill="none"
              />
              <path
                d="M22 9.24l-7.19-.62L12 2 9.19 8.63 2 9.24l5.46 4.73L5.82 21 12 17.27 18.18 21l-1.63-7.03L22 9.24zM12 15.4l-3.76 2.27 1-4.28-3.32-2.88 4.38-.38L12 6.1l1.71 4.04 4.38.38-3.32 2.88 1 4.28L12 15.4z"
              />
            </svg>
          </span>
          <span
            class="MuiRating-visuallyHidden"
          >
            2 Stars
          </span>
        </label>
        <input
          class="MuiRating-visuallyHidden"
          id=":r2:"
          name=":r0:"
          type="radio"
          value="2"
        />
        <label
          class="emotion-3"
          for=":r3:"
        >
          <span
            class="MuiRating-icon MuiRating-iconEmpty emotion-4"
          >
            <svg
              fill="currentColor"
              height="1em"
              stroke="currentColor"
              stroke-width="0"
              viewBox="0 0 24 24"
              width="1em"
              xmlns="http://www.w3.org/2000/svg"
            >
              <path
                d="M0 0h24v24H0z"
                fill="none"
              />
              <path
                d="M22 9.24l-7.19-.62L12 2 9.19 8.63 2 9.24l5.46 4.73L5.82 21 12 17.27 18.18 21l-1.63-7.03L22 9.24zM12 15.4l-3.76 2.27 1-4.28-3.32-2.88 4.38-.38L12 6.1l1.71 4.04 4.38.38-3.32 2.88 1 4.28L12 15.4z"
              />
            </svg>
          </span>
          <span
            class="MuiRating-visuallyHidden"
          >
            3 Stars
          </span>
        </label>
        <input
          class="MuiRating-visuallyHidden"
          id=":r3:"
          name=":r0:"
          type="radio"
          value="3"
        />
        <label
          class="emotion-3"
          for=":r4:"
        >
          <span
            class="MuiRating-icon MuiRating-iconEmpty emotion-4"
          >
            <svg
              fill="currentColor"
              height="1em"
              stroke="currentColor"
              stroke-width="0"
              viewBox="0 0 24 24"
              width="1em"
              xmlns="http://www.w3.org/2000/svg"
            >
              <path
                d="M0 0h24v24H0z"
                fill="none"
              />
              <path
                d="M22 9.24l-7.19-.62L12 2 9.19 8.63 2 9.24l5.46 4.73L5.82 21 12 17.27 18.18 21l-1.63-7.03L22 9.24zM12 15.4l-3.76 2.27 1-4.28-3.32-2.88 4.38-.38L12 6.1l1.71 4.04 4.38.38-3.32 2.88 1 4.28L12 15.4z"
              />
            </svg>
          </span>
          <span
            class="MuiRating-visuallyHidden"
          >
            4 Stars
          </span>
        </label>
        <input
          class="MuiRating-visuallyHidden"
          id=":r4:"
          name=":r0:"
          type="radio"
          value="4"
        />
        <label
          class="emotion-3"
          for=":r5:"
        >
          <span
            class="MuiRating-icon MuiRating-iconEmpty emotion-4"
          >
            <svg
              fill="currentColor"
              height="1em"
              stroke="currentColor"
              stroke-width="0"
              viewBox="0 0 24 24"
              width="1em"
              xmlns="http://www.w3.org/2000/svg"
            >
              <path
                d="M0 0h24v24H0z"
                fill="none"
              />
              <path
                d="M22 9.24l-7.19-.62L12 2 9.19 8.63 2 9.24l5.46 4.73L5.82 21 12 17.27 18.18 21l-1.63-7.03L22 9.24zM12 15.4l-3.76 2.27 1-4.28-3.32-2.88 4.38-.38L12 6.1l1.71 4.04 4.38.38-3.32 2.88 1 4.28L12 15.4z"
              />
            </svg>
          </span>
          <span
            class="MuiRating-visuallyHidden"
          >
            5 Stars
          </span>
        </label>
        <input
          class="MuiRating-visuallyHidden"
          id=":r5:"
          name=":r0:"
          type="radio"
          value="5"
        />
        <label
          class="MuiRating-label MuiRating-pristine emotion-3"
        >
          <input
            checked=""
            class="MuiRating-visuallyHidden"
            id=":r0:-empty"
            name=":r0:"
            type="radio"
            value=""
          />
          <span
            class="MuiRating-visuallyHidden"
          >
            Empty
          </span>
        </label>
      </span>
    </div>
    <div
      class="emotion-1"
    >
      <span
        class="MuiRating-root MuiRating-sizeMedium emotion-2"
      >
        <label
          class="emotion-3"
          for=":r7:"
        >
          <span
            class="MuiRating-icon MuiRating-iconFilled emotion-17"
          >
            <svg
              fill="currentColor"
              height="1em"
              stroke="currentColor"
              stroke-width="0"
              viewBox="0 0 24 24"
              width="1em"
              xmlns="http://www.w3.org/2000/svg"
            >
              <path
                d="M0 0h24v24H0z"
                fill="none"
              />
              <path
                d="M0 0h24v24H0z"
                fill="none"
              />
              <path
                d="M12 17.27L18.18 21l-1.64-7.03L22 9.24l-7.19-.61L12 2 9.19 8.63 2 9.24l5.46 4.73L5.82 21z"
              />
            </svg>
          </span>
          <span
            class="MuiRating-visuallyHidden"
          >
            1 Star
          </span>
        </label>
        <input
          class="MuiRating-visuallyHidden"
          id=":r7:"
          name=":r6:"
          type="radio"
          value="1"
        />
        <label
          class="emotion-3"
          for=":r8:"
        >
          <span
            class="MuiRating-icon MuiRating-iconFilled emotion-17"
          >
            <svg
              fill="currentColor"
              height="1em"
              stroke="currentColor"
              stroke-width="0"
              viewBox="0 0 24 24"
              width="1em"
              xmlns="http://www.w3.org/2000/svg"
            >
              <path
                d="M0 0h24v24H0z"
                fill="none"
              />
              <path
                d="M0 0h24v24H0z"
                fill="none"
              />
              <path
                d="M12 17.27L18.18 21l-1.64-7.03L22 9.24l-7.19-.61L12 2 9.19 8.63 2 9.24l5.46 4.73L5.82 21z"
              />
            </svg>
          </span>
          <span
            class="MuiRating-visuallyHidden"
          >
            2 Stars
          </span>
        </label>
        <input
          class="MuiRating-visuallyHidden"
          id=":r8:"
          name=":r6:"
          type="radio"
          value="2"
        />
        <label
          class="emotion-3"
          for=":r9:"
        >
          <span
            class="MuiRating-icon MuiRating-iconFilled emotion-17"
          >
            <svg
              fill="currentColor"
              height="1em"
              stroke="currentColor"
              stroke-width="0"
              viewBox="0 0 24 24"
              width="1em"
              xmlns="http://www.w3.org/2000/svg"
            >
              <path
                d="M0 0h24v24H0z"
                fill="none"
              />
              <path
                d="M0 0h24v24H0z"
                fill="none"
              />
              <path
                d="M12 17.27L18.18 21l-1.64-7.03L22 9.24l-7.19-.61L12 2 9.19 8.63 2 9.24l5.46 4.73L5.82 21z"
              />
            </svg>
          </span>
          <span
            class="MuiRating-visuallyHidden"
          >
            3 Stars
          </span>
        </label>
        <input
          class="MuiRating-visuallyHidden"
          id=":r9:"
          name=":r6:"
          type="radio"
          value="3"
        />
        <label
          class="emotion-3"
          for=":ra:"
        >
          <span
            class="MuiRating-icon MuiRating-iconFilled emotion-17"
          >
            <svg
              fill="currentColor"
              height="1em"
              stroke="currentColor"
              stroke-width="0"
              viewBox="0 0 24 24"
              width="1em"
              xmlns="http://www.w3.org/2000/svg"
            >
              <path
                d="M0 0h24v24H0z"
                fill="none"
              />
              <path
                d="M0 0h24v24H0z"
                fill="none"
              />
              <path
                d="M12 17.27L18.18 21l-1.64-7.03L22 9.24l-7.19-.61L12 2 9.19 8.63 2 9.24l5.46 4.73L5.82 21z"
              />
            </svg>
          </span>
          <span
            class="MuiRating-visuallyHidden"
          >
            4 Stars
          </span>
        </label>
        <input
          checked=""
          class="MuiRating-visuallyHidden"
          id=":ra:"
          name=":r6:"
          type="radio"
          value="4"
        />
        <label
          class="emotion-3"
          for=":rb:"
        >
          <span
            class="MuiRating-icon MuiRating-iconEmpty emotion-4"
          >
            <svg
              fill="currentColor"
              height="1em"
              stroke="currentColor"
              stroke-width="0"
              viewBox="0 0 24 24"
              width="1em"
              xmlns="http://www.w3.org/2000/svg"
            >
              <path
                d="M0 0h24v24H0z"
                fill="none"
              />
              <path
                d="M22 9.24l-7.19-.62L12 2 9.19 8.63 2 9.24l5.46 4.73L5.82 21 12 17.27 18.18 21l-1.63-7.03L22 9.24zM12 15.4l-3.76 2.27 1-4.28-3.32-2.88 4.38-.38L12 6.1l1.71 4.04 4.38.38-3.32 2.88 1 4.28L12 15.4z"
              />
            </svg>
          </span>
          <span
            class="MuiRating-visuallyHidden"
          >
            5 Stars
          </span>
        </label>
        <input
          class="MuiRating-visuallyHidden"
          id=":rb:"
          name=":r6:"
          type="radio"
          value="5"
        />
        <label
          class="MuiRating-label MuiRating-pristine emotion-3"
        >
          <input
            class="MuiRating-visuallyHidden"
            id=":r6:-empty"
            name=":r6:"
            type="radio"
            value=""
          />
          <span
            class="MuiRating-visuallyHidden"
          >
            Empty
          </span>
        </label>
      </span>
    </div>
    <div
      class="emotion-1"
    >
      <span
        aria-label="4 Stars"
        class="MuiRating-root MuiRating-sizeMedium Mui-readOnly MuiRating-readOnly emotion-28"
        role="img"
      >
        <span>
          <span
            class="MuiRating-icon MuiRating-iconFilled emotion-17"
          >
            <svg
              fill="currentColor"
              height="1em"
              stroke="currentColor"
              stroke-width="0"
              viewBox="0 0 24 24"
              width="1em"
              xmlns="http://www.w3.org/2000/svg"
            >
              <path
                d="M0 0h24v24H0z"
                fill="none"
              />
              <path
                d="M0 0h24v24H0z"
                fill="none"
              />
              <path
                d="M12 17.27L18.18 21l-1.64-7.03L22 9.24l-7.19-.61L12 2 9.19 8.63 2 9.24l5.46 4.73L5.82 21z"
              />
            </svg>
          </span>
        </span>
        <span>
          <span
            class="MuiRating-icon MuiRating-iconFilled emotion-17"
          >
            <svg
              fill="currentColor"
              height="1em"
              stroke="currentColor"
              stroke-width="0"
              viewBox="0 0 24 24"
              width="1em"
              xmlns="http://www.w3.org/2000/svg"
            >
              <path
                d="M0 0h24v24H0z"
                fill="none"
              />
              <path
                d="M0 0h24v24H0z"
                fill="none"
              />
              <path
                d="M12 17.27L18.18 21l-1.64-7.03L22 9.24l-7.19-.61L12 2 9.19 8.63 2 9.24l5.46 4.73L5.82 21z"
              />
            </svg>
          </span>
        </span>
        <span>
          <span
            class="MuiRating-icon MuiRating-iconFilled emotion-17"
          >
            <svg
              fill="currentColor"
              height="1em"
              stroke="currentColor"
              stroke-width="0"
              viewBox="0 0 24 24"
              width="1em"
              xmlns="http://www.w3.org/2000/svg"
            >
              <path
                d="M0 0h24v24H0z"
                fill="none"
              />
              <path
                d="M0 0h24v24H0z"
                fill="none"
              />
              <path
                d="M12 17.27L18.18 21l-1.64-7.03L22 9.24l-7.19-.61L12 2 9.19 8.63 2 9.24l5.46 4.73L5.82 21z"
              />
            </svg>
          </span>
        </span>
        <span>
          <span
            class="MuiRating-icon MuiRating-iconFilled emotion-17"
          >
            <svg
              fill="currentColor"
              height="1em"
              stroke="currentColor"
              stroke-width="0"
              viewBox="0 0 24 24"
              width="1em"
              xmlns="http://www.w3.org/2000/svg"
            >
              <path
                d="M0 0h24v24H0z"
                fill="none"
              />
              <path
                d="M0 0h24v24H0z"
                fill="none"
              />
              <path
                d="M12 17.27L18.18 21l-1.64-7.03L22 9.24l-7.19-.61L12 2 9.19 8.63 2 9.24l5.46 4.73L5.82 21z"
              />
            </svg>
          </span>
        </span>
        <span>
          <span
            class="MuiRating-icon MuiRating-iconEmpty emotion-4"
          >
            <svg
              fill="currentColor"
              height="1em"
              stroke="currentColor"
              stroke-width="0"
              viewBox="0 0 24 24"
              width="1em"
              xmlns="http://www.w3.org/2000/svg"
            >
              <path
                d="M0 0h24v24H0z"
                fill="none"
              />
              <path
                d="M22 9.24l-7.19-.62L12 2 9.19 8.63 2 9.24l5.46 4.73L5.82 21 12 17.27 18.18 21l-1.63-7.03L22 9.24zM12 15.4l-3.76 2.27 1-4.28-3.32-2.88 4.38-.38L12 6.1l1.71 4.04 4.38.38-3.32 2.88 1 4.28L12 15.4z"
              />
            </svg>
          </span>
        </span>
      </span>
    </div>
    <div
      class="emotion-1"
    >
      <span
        class="MuiRating-root MuiRating-sizeMedium emotion-2"
      >
        <label
          class="emotion-3"
          for=":rj:"
        >
          <span
            class="MuiRating-icon MuiRating-iconEmpty emotion-4"
          >
            <svg
              fill="currentColor"
              height="1em"
              stroke="currentColor"
              stroke-width="0"
              viewBox="0 0 24 24"
              width="1em"
              xmlns="http://www.w3.org/2000/svg"
            >
              <path
                d="M0 0h24v24H0z"
                fill="none"
              />
              <path
                d="M22 9.24l-7.19-.62L12 2 9.19 8.63 2 9.24l5.46 4.73L5.82 21 12 17.27 18.18 21l-1.63-7.03L22 9.24zM12 15.4l-3.76 2.27 1-4.28-3.32-2.88 4.38-.38L12 6.1l1.71 4.04 4.38.38-3.32 2.88 1 4.28L12 15.4z"
              />
            </svg>
          </span>
          <span
            class="MuiRating-visuallyHidden"
          >
            1 Star
          </span>
        </label>
        <input
          class="MuiRating-visuallyHidden"
          id=":rj:"
          name=":ri:"
          type="radio"
          value="1"
        />
        <label
          class="emotion-3"
          for=":rk:"
        >
          <span
            class="MuiRating-icon MuiRating-iconEmpty emotion-4"
          >
            <svg
              fill="currentColor"
              height="1em"
              stroke="currentColor"
              stroke-width="0"
              viewBox="0 0 24 24"
              width="1em"
              xmlns="http://www.w3.org/2000/svg"
            >
              <path
                d="M0 0h24v24H0z"
                fill="none"
              />
              <path
                d="M22 9.24l-7.19-.62L12 2 9.19 8.63 2 9.24l5.46 4.73L5.82 21 12 17.27 18.18 21l-1.63-7.03L22 9.24zM12 15.4l-3.76 2.27 1-4.28-3.32-2.88 4.38-.38L12 6.1l1.71 4.04 4.38.38-3.32 2.88 1 4.28L12 15.4z"
              />
            </svg>
          </span>
          <span
            class="MuiRating-visuallyHidden"
          >
            2 Stars
          </span>
        </label>
        <input
          class="MuiRating-visuallyHidden"
          id=":rk:"
          name=":ri:"
          type="radio"
          value="2"
        />
        <label
          class="emotion-3"
          for=":rl:"
        >
          <span
            class="MuiRating-icon MuiRating-iconFilled emotion-17"
          >
            <svg
              fill="currentColor"
              height="1em"
              stroke="currentColor"
              stroke-width="0"
              viewBox="0 0 24 24"
              width="1em"
              xmlns="http://www.w3.org/2000/svg"
            >
              <path
                d="M0 0h24v24H0z"
                fill="none"
              />
              <path
                d="M0 0h24v24H0z"
                fill="none"
              />
              <path
                d="M12 17.27L18.18 21l-1.64-7.03L22 9.24l-7.19-.61L12 2 9.19 8.63 2 9.24l5.46 4.73L5.82 21z"
              />
            </svg>
          </span>
          <span
            class="MuiRating-visuallyHidden"
          >
            3 Stars
          </span>
        </label>
        <input
          checked=""
          class="MuiRating-visuallyHidden"
          id=":rl:"
          name=":ri:"
          type="radio"
          value="3"
        />
        <label
          class="emotion-3"
          for=":rm:"
        >
          <span
            class="MuiRating-icon MuiRating-iconEmpty emotion-4"
          >
            <svg
              fill="currentColor"
              height="1em"
              stroke="currentColor"
              stroke-width="0"
              viewBox="0 0 24 24"
              width="1em"
              xmlns="http://www.w3.org/2000/svg"
            >
              <path
                d="M0 0h24v24H0z"
                fill="none"
              />
              <path
                d="M22 9.24l-7.19-.62L12 2 9.19 8.63 2 9.24l5.46 4.73L5.82 21 12 17.27 18.18 21l-1.63-7.03L22 9.24zM12 15.4l-3.76 2.27 1-4.28-3.32-2.88 4.38-.38L12 6.1l1.71 4.04 4.38.38-3.32 2.88 1 4.28L12 15.4z"
              />
            </svg>
          </span>
          <span
            class="MuiRating-visuallyHidden"
          >
            4 Stars
          </span>
        </label>
        <input
          class="MuiRating-visuallyHidden"
          id=":rm:"
          name=":ri:"
          type="radio"
          value="4"
        />
        <label
          class="emotion-3"
          for=":rn:"
        >
          <span
            class="MuiRating-icon MuiRating-iconEmpty emotion-4"
          >
            <svg
              fill="currentColor"
              height="1em"
              stroke="currentColor"
              stroke-width="0"
              viewBox="0 0 24 24"
              width="1em"
              xmlns="http://www.w3.org/2000/svg"
            >
              <path
                d="M0 0h24v24H0z"
                fill="none"
              />
              <path
                d="M22 9.24l-7.19-.62L12 2 9.19 8.63 2 9.24l5.46 4.73L5.82 21 12 17.27 18.18 21l-1.63-7.03L22 9.24zM12 15.4l-3.76 2.27 1-4.28-3.32-2.88 4.38-.38L12 6.1l1.71 4.04 4.38.38-3.32 2.88 1 4.28L12 15.4z"
              />
            </svg>
          </span>
          <span
            class="MuiRating-visuallyHidden"
          >
            5 Stars
          </span>
        </label>
        <input
          class="MuiRating-visuallyHidden"
          id=":rn:"
          name=":ri:"
          type="radio"
          value="5"
        />
        <label
          class="MuiRating-label MuiRating-pristine emotion-3"
        >
          <input
            class="MuiRating-visuallyHidden"
            id=":ri:-empty"
            name=":ri:"
            type="radio"
            value=""
          />
          <span
            class="MuiRating-visuallyHidden"
          >
            Empty
          </span>
        </label>
      </span>
    </div>
    <div
      class="emotion-47"
    >
      <span
        class="MuiRating-root MuiRating-sizeMedium emotion-2"
      >
        <label
          class="emotion-3"
          for=":rp:"
        >
          <span
            class="MuiRating-icon MuiRating-iconFilled emotion-17"
          >
            <svg
              fill="currentColor"
              height="1em"
              stroke="currentColor"
              stroke-width="0"
              viewBox="0 0 24 24"
              width="1em"
              xmlns="http://www.w3.org/2000/svg"
            >
              <path
                d="M0 0h24v24H0z"
                fill="none"
              />
              <path
                d="M0 0h24v24H0z"
                fill="none"
              />
              <path
                d="M12 17.27L18.18 21l-1.64-7.03L22 9.24l-7.19-.61L12 2 9.19 8.63 2 9.24l5.46 4.73L5.82 21z"
              />
            </svg>
          </span>
          <span
            class="MuiRating-visuallyHidden"
          >
            1 Star
          </span>
        </label>
        <input
          class="MuiRating-visuallyHidden"
          id=":rp:"
          name=":ro:"
          type="radio"
          value="1"
        />
        <label
          class="emotion-3"
          for=":rq:"
        >
          <span
            class="MuiRating-icon MuiRating-iconFilled emotion-17"
          >
            <svg
              fill="currentColor"
              height="1em"
              stroke="currentColor"
              stroke-width="0"
              viewBox="0 0 24 24"
              width="1em"
              xmlns="http://www.w3.org/2000/svg"
            >
              <path
                d="M0 0h24v24H0z"
                fill="none"
              />
              <path
                d="M0 0h24v24H0z"
                fill="none"
              />
              <path
                d="M12 17.27L18.18 21l-1.64-7.03L22 9.24l-7.19-.61L12 2 9.19 8.63 2 9.24l5.46 4.73L5.82 21z"
              />
            </svg>
          </span>
          <span
            class="MuiRating-visuallyHidden"
          >
            2 Stars
          </span>
        </label>
        <input
          checked=""
          class="MuiRating-visuallyHidden"
          id=":rq:"
          name=":ro:"
          type="radio"
          value="2"
        />
        <label
          class="emotion-3"
          for=":rr:"
        >
          <span
            class="MuiRating-icon MuiRating-iconEmpty emotion-4"
          >
            <svg
              fill="currentColor"
              height="1em"
              stroke="currentColor"
              stroke-width="0"
              viewBox="0 0 24 24"
              width="1em"
              xmlns="http://www.w3.org/2000/svg"
            >
              <path
                d="M0 0h24v24H0z"
                fill="none"
              />
              <path
                d="M22 9.24l-7.19-.62L12 2 9.19 8.63 2 9.24l5.46 4.73L5.82 21 12 17.27 18.18 21l-1.63-7.03L22 9.24zM12 15.4l-3.76 2.27 1-4.28-3.32-2.88 4.38-.38L12 6.1l1.71 4.04 4.38.38-3.32 2.88 1 4.28L12 15.4z"
              />
            </svg>
          </span>
          <span
            class="MuiRating-visuallyHidden"
          >
            3 Stars
          </span>
        </label>
        <input
          class="MuiRating-visuallyHidden"
          id=":rr:"
          name=":ro:"
          type="radio"
          value="3"
        />
        <label
          class="emotion-3"
          for=":rs:"
        >
          <span
            class="MuiRating-icon MuiRating-iconEmpty emotion-4"
          >
            <svg
              fill="currentColor"
              height="1em"
              stroke="currentColor"
              stroke-width="0"
              viewBox="0 0 24 24"
              width="1em"
              xmlns="http://www.w3.org/2000/svg"
            >
              <path
                d="M0 0h24v24H0z"
                fill="none"
              />
              <path
                d="M22 9.24l-7.19-.62L12 2 9.19 8.63 2 9.24l5.46 4.73L5.82 21 12 17.27 18.18 21l-1.63-7.03L22 9.24zM12 15.4l-3.76 2.27 1-4.28-3.32-2.88 4.38-.38L12 6.1l1.71 4.04 4.38.38-3.32 2.88 1 4.28L12 15.4z"
              />
            </svg>
          </span>
          <span
            class="MuiRating-visuallyHidden"
          >
            4 Stars
          </span>
        </label>
        <input
          class="MuiRating-visuallyHidden"
          id=":rs:"
          name=":ro:"
          type="radio"
          value="4"
        />
        <label
          class="emotion-3"
          for=":rt:"
        >
          <span
            class="MuiRating-icon MuiRating-iconEmpty emotion-4"
          >
            <svg
              fill="currentColor"
              height="1em"
              stroke="currentColor"
              stroke-width="0"
              viewBox="0 0 24 24"
              width="1em"
              xmlns="http://www.w3.org/2000/svg"
            >
              <path
                d="M0 0h24v24H0z"
                fill="none"
              />
              <path
                d="M22 9.24l-7.19-.62L12 2 9.19 8.63 2 9.24l5.46 4.73L5.82 21 12 17.27 18.18 21l-1.63-7.03L22 9.24zM12 15.4l-3.76 2.27 1-4.28-3.32-2.88 4.38-.38L12 6.1l1.71 4.04 4.38.38-3.32 2.88 1 4.28L12 15.4z"
              />
            </svg>
          </span>
          <span
            class="MuiRating-visuallyHidden"
          >
            5 Stars
          </span>
        </label>
        <input
          class="MuiRating-visuallyHidden"
          id=":rt:"
          name=":ro:"
          type="radio"
          value="5"
        />
        <label
          class="MuiRating-label MuiRating-pristine emotion-3"
        >
          <input
            class="MuiRating-visuallyHidden"
            id=":ro:-empty"
            name=":ro:"
            type="radio"
            value=""
          />
          <span
            class="MuiRating-visuallyHidden"
          >
            Empty
          </span>
        </label>
      </span>
    </div>
    <div
      class="emotion-60"
    >
      <span
        class="MuiRating-root MuiRating-sizeMedium emotion-2"
      >
        <label
          class="emotion-3"
          for=":rv:"
        >
          <span
            class="MuiRating-icon MuiRating-iconFilled emotion-17"
          >
            <svg
              fill="currentColor"
              height="1em"
              stroke="currentColor"
              stroke-width="0"
              viewBox="0 0 24 24"
              width="1em"
              xmlns="http://www.w3.org/2000/svg"
            >
              <path
                d="M0 0h24v24H0z"
                fill="none"
              />
              <path
                d="M12 21.35l-1.45-1.32C5.4 15.36 2 12.28 2 8.5 2 5.42 4.42 3 7.5 3c1.74 0 3.41.81 4.5 2.09C13.09 3.81 14.76 3 16.5 3 19.58 3 22 5.42 22 8.5c0 3.78-3.4 6.86-8.55 11.54L12 21.35z"
              />
            </svg>
          </span>
          <span
            class="MuiRating-visuallyHidden"
          >
            1 Star
          </span>
        </label>
        <input
          checked=""
          class="MuiRating-visuallyHidden"
          id=":rv:"
          name=":ru:"
          type="radio"
          value="1"
        />
        <label
          class="emotion-3"
          for=":r10:"
        >
          <span
            class="MuiRating-icon MuiRating-iconEmpty emotion-4"
          >
            <svg
              fill="currentColor"
              height="1em"
              stroke="currentColor"
              stroke-width="0"
              viewBox="0 0 24 24"
              width="1em"
              xmlns="http://www.w3.org/2000/svg"
            >
              <path
                d="M0 0h24v24H0z"
                fill="none"
              />
              <path
                d="M16.5 3c-.96 0-1.9.25-2.73.69L12 9h3l-3 10 1-9h-3l1.54-5.39C10.47 3.61 9.01 3 7.5 3 4.42 3 2 5.42 2 8.5c0 4.13 4.16 7.18 10 12.5 5.47-4.94 10-8.26 10-12.5C22 5.42 19.58 3 16.5 3z"
              />
            </svg>
          </span>
          <span
            class="MuiRating-visuallyHidden"
          >
            2 Stars
          </span>
        </label>
        <input
          class="MuiRating-visuallyHidden"
          id=":r10:"
          name=":ru:"
          type="radio"
          value="2"
        />
        <label
          class="emotion-3"
          for=":r11:"
        >
          <span
            class="MuiRating-icon MuiRating-iconEmpty emotion-4"
          >
            <svg
              fill="currentColor"
              height="1em"
              stroke="currentColor"
              stroke-width="0"
              viewBox="0 0 24 24"
              width="1em"
              xmlns="http://www.w3.org/2000/svg"
            >
              <path
                d="M0 0h24v24H0z"
                fill="none"
              />
              <path
                d="M16.5 3c-.96 0-1.9.25-2.73.69L12 9h3l-3 10 1-9h-3l1.54-5.39C10.47 3.61 9.01 3 7.5 3 4.42 3 2 5.42 2 8.5c0 4.13 4.16 7.18 10 12.5 5.47-4.94 10-8.26 10-12.5C22 5.42 19.58 3 16.5 3z"
              />
            </svg>
          </span>
          <span
            class="MuiRating-visuallyHidden"
          >
            3 Stars
          </span>
        </label>
        <input
          class="MuiRating-visuallyHidden"
          id=":r11:"
          name=":ru:"
          type="radio"
          value="3"
        />
        <label
          class="emotion-3"
          for=":r12:"
        >
          <span
            class="MuiRating-icon MuiRating-iconEmpty emotion-4"
          >
            <svg
              fill="currentColor"
              height="1em"
              stroke="currentColor"
              stroke-width="0"
              viewBox="0 0 24 24"
              width="1em"
              xmlns="http://www.w3.org/2000/svg"
            >
              <path
                d="M0 0h24v24H0z"
                fill="none"
              />
              <path
                d="M16.5 3c-.96 0-1.9.25-2.73.69L12 9h3l-3 10 1-9h-3l1.54-5.39C10.47 3.61 9.01 3 7.5 3 4.42 3 2 5.42 2 8.5c0 4.13 4.16 7.18 10 12.5 5.47-4.94 10-8.26 10-12.5C22 5.42 19.58 3 16.5 3z"
              />
            </svg>
          </span>
          <span
            class="MuiRating-visuallyHidden"
          >
            4 Stars
          </span>
        </label>
        <input
          class="MuiRating-visuallyHidden"
          id=":r12:"
          name=":ru:"
          type="radio"
          value="4"
        />
        <label
          class="emotion-3"
          for=":r13:"
        >
          <span
            class="MuiRating-icon MuiRating-iconEmpty emotion-4"
          >
            <svg
              fill="currentColor"
              height="1em"
              stroke="currentColor"
              stroke-width="0"
              viewBox="0 0 24 24"
              width="1em"
              xmlns="http://www.w3.org/2000/svg"
            >
              <path
                d="M0 0h24v24H0z"
                fill="none"
              />
              <path
                d="M16.5 3c-.96 0-1.9.25-2.73.69L12 9h3l-3 10 1-9h-3l1.54-5.39C10.47 3.61 9.01 3 7.5 3 4.42 3 2 5.42 2 8.5c0 4.13 4.16 7.18 10 12.5 5.47-4.94 10-8.26 10-12.5C22 5.42 19.58 3 16.5 3z"
              />
            </svg>
          </span>
          <span
            class="MuiRating-visuallyHidden"
          >
            5 Stars
          </span>
        </label>
        <input
          class="MuiRating-visuallyHidden"
          id=":r13:"
          name=":ru:"
          type="radio"
          value="5"
        />
        <label
          class="MuiRating-label MuiRating-pristine emotion-3"
        >
          <input
            class="MuiRating-visuallyHidden"
            id=":ru:-empty"
            name=":ru:"
            type="radio"
            value=""
          />
          <span
            class="MuiRating-visuallyHidden"
          >
            Empty
          </span>
        </label>
      </span>
    </div>
    <br />
    <a
      class="MuiTypography-root MuiTypography-inherit MuiLink-root MuiLink-underlineAlways emotion-73"
      href="https://mui.com/material-ui/react-rating/"
      target="_blank"
    >
      See more
    </a>
  </div>
</DocumentFragment>
`;
