// Jest Snapshot v1, https://goo.gl/fbAQLP

exports[`Footer should render Default 1`] = `
"Snapshot Diff:
Compared values have no visual difference."
`;

exports[`Footer should render WithError 1`] = `
"Snapshot Diff:
- First value
+ Second value

@@ -19,28 +19,9 @@
            r="50"
          />
        </svg>
        <nav
          class="css-1svnta4-FooterLinks enubu9x0"
-       >
-         <a
-           class="MuiTypography-root MuiTypography-inherit MuiLink-root MuiLink-underlineNone css-19qjfsi-MuiTypography-root-MuiLink-root"
-           href="/"
-         >
-           Home
-         </a>
-         <a
-           class="MuiTypography-root MuiTypography-inherit MuiLink-root MuiLink-underlineNone css-19qjfsi-MuiTypography-root-MuiLink-root"
-           href="/a/impressum"
-         >
-           Impressum
-         </a>
-         <a
-           class="MuiTypography-root MuiTypography-inherit MuiLink-root MuiLink-underlineNone css-19qjfsi-MuiTypography-root-MuiLink-root"
-           href="https://google.com"
-         >
-           FAQ
-         </a>
-       </nav>
+       />
      </div>
    </footer>
  </DocumentFragment>"
`;

exports[`Footer should render WithLoading 1`] = `
"Snapshot Diff:
- First value
+ Second value

@@ -19,28 +19,9 @@
            r="50"
          />
        </svg>
        <nav
          class="css-1svnta4-FooterLinks enubu9x0"
-       >
-         <a
-           class="MuiTypography-root MuiTypography-inherit MuiLink-root MuiLink-underlineNone css-19qjfsi-MuiTypography-root-MuiLink-root"
-           href="/"
-         >
-           Home
-         </a>
-         <a
-           class="MuiTypography-root MuiTypography-inherit MuiLink-root MuiLink-underlineNone css-19qjfsi-MuiTypography-root-MuiLink-root"
-           href="/a/impressum"
-         >
-           Impressum
-         </a>
-         <a
-           class="MuiTypography-root MuiTypography-inherit MuiLink-root MuiLink-underlineNone css-19qjfsi-MuiTypography-root-MuiLink-root"
-           href="https://google.com"
-         >
-           FAQ
-         </a>
-       </nav>
+       />
      </div>
    </footer>
  </DocumentFragment>"
`;
