// Jest Snapshot v1, https://goo.gl/fbAQLP

exports[`Comment List should render Default 1`] = `
"Snapshot Diff:
Compared values have no visual difference."
`;

exports[`Comment List should render WithAnonymousComments 1`] = `
"Snapshot Diff:
- First value
+ Second value

@@ -22,40 +22,16 @@
            class="css-1x1fqyu-CommentHeaderContent ekbi54x6"
          >
            <div
              class="css-l1mcyg-CommentName ekbi54x5"
            >
-             Signed Up User
-             <div
-               class="css-6cfhau-CommentVerifiedBadge ekbi54x4"
-             >
-               <svg
-                 fill="currentColor"
-                 height="1em"
-                 stroke="currentColor"
-                 stroke-width="0"
-                 viewBox="0 0 24 24"
-                 width="1em"
-                 xmlns="http://www.w3.org/2000/svg"
-               >
-                 <title>
-                   Member
-                 </title>
-                 <path
-                   d="M0 0h24v24H0z"
-                   fill="none"
-                 />
-                 <path
-                   d="M23 12l-2.44-2.79.34-3.69-3.61-.82-1.89-3.2L12 2.96 8.6 1.5 6.71 4.69 3.1 5.5l.34 3.7L1 12l2.44 2.79-.34 3.7 3.61.82L8.6 22.5l3.4-1.47 3.4 1.46 1.89-3.19 3.61-.82-.34-3.69L23 12zm-12.91 4.72l-3.8-3.81 1.48-1.48 2.32 2.33 5.85-5.87 1.48 1.48-7.33 7.35z"
-                 />
-               </svg>
+             Dr. Anonymous
            </div>
-           </div>
            <div
-             class="css-rox5w-CommentFlair ekbi54x3"
+             class="css-bc7ih0-CommentFlair-CommentFlair ekbi54x3"
            >
-             Flair
+             Source
            </div>
          </div>
        </header>
        <div
          class="css-td83z9-CommentContent ekbi54x2"
@@ -113,41 +89,17 @@
          <div
            class="css-1x1fqyu-CommentHeaderContent ekbi54x6"
          >
            <div
              class="css-l1mcyg-CommentName ekbi54x5"
-           >
-             Signed Up User
-             <div
-               class="css-6cfhau-CommentVerifiedBadge ekbi54x4"
-             >
-               <svg
-                 fill="currentColor"
-                 height="1em"
-                 stroke="currentColor"
-                 stroke-width="0"
-                 viewBox="0 0 24 24"
-                 width="1em"
-                 xmlns="http://www.w3.org/2000/svg"
            >
-                 <title>
-                   Member
-                 </title>
-                 <path
-                   d="M0 0h24v24H0z"
-                   fill="none"
-                 />
-                 <path
-                   d="M23 12l-2.44-2.79.34-3.69-3.61-.82-1.89-3.2L12 2.96 8.6 1.5 6.71 4.69 3.1 5.5l.34 3.7L1 12l2.44 2.79-.34 3.7 3.61.82L8.6 22.5l3.4-1.47 3.4 1.46 1.89-3.19 3.61-.82-.34-3.69L23 12zm-12.91 4.72l-3.8-3.81 1.48-1.48 2.32 2.33 5.85-5.87 1.48 1.48-7.33 7.35z"
-                 />
-               </svg>
+             Dr. Anonymous
            </div>
-           </div>
            <div
-             class="css-rox5w-CommentFlair ekbi54x3"
+             class="css-bc7ih0-CommentFlair-CommentFlair ekbi54x3"
            >
-             Flair
+             Source
            </div>
          </div>
        </header>
        <div
          class="css-td83z9-CommentContent ekbi54x2""
`;

exports[`Comment List should render WithClassName 1`] = `
"Snapshot Diff:
- First value
+ Second value

@@ -1,8 +1,8 @@
  <DocumentFragment>
    <article
-     class="css-1mm1s5y-CommentBlockWrapper es9rr591"
+     class="extra-classname css-1mm1s5y-CommentBlockWrapper es9rr591"
    >
      <article
        class="css-4zvvnd-CommentWrapper ekbi54x8"
      >
        <header"
`;

exports[`Comment List should render WithEmotion 1`] = `
"Snapshot Diff:
Compared values have no visual difference."
`;

exports[`Comment List should render WithError 1`] = `
"Snapshot Diff:
Compared values have no visual difference."
`;

exports[`Comment List should render WithLoading 1`] = `
"Snapshot Diff:
Compared values have no visual difference."
`;
