// Jest Snapshot v1, https://goo.gl/fbAQLP

exports[`SoundCloud Track Block should render Default 1`] = `
"Snapshot Diff:
Compared values have no visual difference."
`;

exports[`SoundCloud Track Block should render WithClassName 1`] = `
"Snapshot Diff:
- First value
+ Second value

@@ -1,8 +1,8 @@
  <DocumentFragment>
    <div
-     class="css-tmf3ym-SoundCloudTrackBlockWrapper eukdme91"
+     class="extra-classname css-tmf3ym-SoundCloudTrackBlockWrapper eukdme91"
    >
      <div
        class="css-1jb7p9d-SoundCloudTrackBlockPlayer eukdme90"
        style="width: auto; height: auto;"
      >"
`;
