// Jest Snapshot v1, https://goo.gl/fbAQLP

exports[`EventListItem should render Default 1`] = `
<DocumentFragment>
  .emotion-0 {
  margin: 0;
  font: inherit;
  color: #1976d2;
  -webkit-text-decoration: underline;
  text-decoration: underline;
  text-decoration-color: rgba(25, 118, 210, 0.4);
  width: 100%;
  color: inherit;
  -webkit-text-decoration: inherit;
  text-decoration: inherit;
}

.emotion-0:hover {
  text-decoration-color: inherit;
}

.emotion-1 {
  display: grid;
  gap: 16px;
  grid-template-columns: 1fr;
  -webkit-align-content: start;
  -ms-flex-line-pack: start;
  align-content: start;
}

@media (min-width:900px) {
  .emotion-1 {
    grid-template-columns: minmax(30%, 200px) auto;
  }
}

.emotion-5 {
  max-width: 100%;
  width: 100%;
  height: auto;
  aspect-ratio: auto 0.6666666666666666;
}

.emotion-7 {
  display: -webkit-box;
  display: -webkit-flex;
  display: -ms-flexbox;
  display: flex;
  -webkit-box-flex-flow: column;
  -webkit-flex-flow: column;
  -ms-flex-flow: column;
  flex-flow: column;
  gap: 8px;
}

.emotion-9 {
  display: grid;
  grid-template-columns: auto auto auto;
  gap: 8px;
  -webkit-box-pack: start;
  -ms-flex-pack: start;
  -webkit-justify-content: flex-start;
  justify-content: flex-start;
  -webkit-align-items: center;
  -webkit-box-align: center;
  -ms-flex-align: center;
  align-items: center;
}

.emotion-11 {
  display: grid;
  grid-template-columns: auto auto;
  gap: 8px;
  -webkit-align-items: center;
  -webkit-box-align: center;
  -ms-flex-align: center;
  align-items: center;
}

.emotion-13 {
  margin: 0;
  font-family: "Roboto","Helvetica","Arial",sans-serif;
  font-weight: 400;
  font-size: 2.125rem;
  line-height: 1.235;
  letter-spacing: 0.00735em;
}

.emotion-16 {
  margin: 0;
  font-family: "Roboto","Helvetica","Arial",sans-serif;
  font-weight: 400;
  font-size: 1rem;
  line-height: 1.5;
  letter-spacing: 0.00938em;
  margin-bottom: 0.35em;
}

<a
    class="MuiTypography-root MuiTypography-inherit MuiLink-root MuiLink-underlineAlways emotion-0"
    href="https://example.com"
  >
    <article
      class="emotion-1 emotion-2"
    >
      <div
        class="emotion-3 emotion-4"
      >
        <img
          alt="DSC07717"
          class="emotion-5 emotion-6"
          loading="lazy"
          srcset="https://unsplash.it/800/400 800w,
https://unsplash.it/500/300 500w,
https://unsplash.it/300/200 300w,
https://unsplash.it/200/100 200w"
          title=""
        />
      </div>
      <div
        class="emotion-7 emotion-8"
      >
        <div
          class="emotion-9 emotion-10"
        >
          <div
            class="emotion-11 emotion-12"
          >
            <svg
              fill="currentColor"
              height="1em"
              stroke="currentColor"
              stroke-width="0"
              viewBox="0 0 24 24"
              width="1em"
              xmlns="http://www.w3.org/2000/svg"
            >
              <path
                d="M0 0h24v24H0z"
                fill="none"
              />
              <path
                d="M9 11H7v2h2v-2zm4 0h-2v2h2v-2zm4 0h-2v2h2v-2zm2-7h-1V2h-2v2H8V2H6v2H5c-1.11 0-1.99.9-1.99 2L3 20a2 2 0 002 2h14c1.1 0 2-.9 2-2V6c0-1.1-.9-2-2-2zm0 16H5V9h14v11z"
              />
            </svg>
            <time
              datetime="2023-02-24T09:00:00.000Z"
            >
              24.02.2023 09:00
            </time>
          </div>
          â€“ 
          <time
            datetime="2023-02-25T07:30:00.000Z"
          >
            25.02.2023 07:30
          </time>
        </div>
        <h1
          class="MuiTypography-root MuiTypography-h4 emotion-13"
        >
          Cool concert
        </h1>
        <div
          class="emotion-14 emotion-15"
        >
          <div
            data-gramm="false"
            data-slate-editor="true"
            data-slate-node="value"
            style="outline: none; white-space: pre-wrap; word-wrap: break-word;"
          >
            <p
              class="MuiTypography-root MuiTypography-body1 MuiTypography-gutterBottom emotion-16"
              data-slate-node="element"
            >
              <span
                data-slate-node="text"
              >
                <span
                  data-slate-string="true"
                >
                  Lorem ipsum dolor sit amet, 
                </span>
              </span>
              <span
                data-slate-node="text"
              >
                <strong
                  data-slate-leaf="true"
                >
                  <span
                    data-slate-string="true"
                  >
                    consectetur adipiscing elit, 
                  </span>
                </strong>
              </span>
              <span
                data-slate-node="text"
              >
                <em
                  data-slate-leaf="true"
                >
                  <span
                    data-slate-string="true"
                  >
                    sed do eiusmod tempor incididunt ut labore et dolore magna aliqua. 
                  </span>
                </em>
              </span>
              <span
                data-slate-node="text"
              >
                <u
                  data-slate-leaf="true"
                >
                  <span
                    data-slate-string="true"
                  >
                    Ut enim ad minim veniam, 
                  </span>
                </u>
              </span>
              <span
                data-slate-node="text"
              >
                <del
                  data-slate-leaf="true"
                >
                  <span
                    data-slate-string="true"
                  >
                    quis nostrud exercitation ullamco laboris nisi ut aliquip ex ea commodo consequat. 
                  </span>
                </del>
              </span>
              <span
                data-slate-node="text"
              >
                <span
                  data-slate-string="true"
                >
                  Duis aute irure dolor in reprehenderit in voluptate velit esse cillum dolore eu fugiat nulla pariatur. 
                </span>
              </span>
              <span
                data-slate-node="text"
              >
                <span
                  data-slate-string="true"
                >
                  Excepteur sint occaecat cupidatat non proident, sunt in culpa qui officia deserunt mollit anim id est laborum.
                </span>
              </span>
            </p>
            <p
              class="MuiTypography-root MuiTypography-body1 MuiTypography-gutterBottom emotion-16"
              data-slate-node="element"
            >
              <span
                data-slate-node="text"
              >
                <span
                  data-slate-string="true"
                >
                  Lorem ipsum dolor sit amet, 
                </span>
              </span>
              <span
                data-slate-node="text"
              >
                <strong
                  data-slate-leaf="true"
                >
                  <span
                    data-slate-string="true"
                  >
                    consectetur adipiscing elit, 
                  </span>
                </strong>
              </span>
              <span
                data-slate-node="text"
              >
                <em
                  data-slate-leaf="true"
                >
                  <span
                    data-slate-string="true"
                  >
                    sed do eiusmod tempor incididunt ut labore et dolore magna aliqua. 
                  </span>
                </em>
              </span>
              <span
                data-slate-node="text"
              >
                <u
                  data-slate-leaf="true"
                >
                  <span
                    data-slate-string="true"
                  >
                    Ut enim ad minim veniam, 
                  </span>
                </u>
              </span>
              <span
                data-slate-node="text"
              >
                <del
                  data-slate-leaf="true"
                >
                  <span
                    data-slate-string="true"
                  >
                    quis nostrud exercitation ullamco laboris nisi ut aliquip ex ea commodo consequat. 
                  </span>
                </del>
              </span>
              <span
                data-slate-node="text"
              >
                <span
                  data-slate-string="true"
                >
                  Duis aute irure dolor in reprehenderit in voluptate velit esse cillum dolore eu fugiat nulla pariatur. 
                </span>
              </span>
              <span
                data-slate-node="text"
              >
                <span
                  data-slate-string="true"
                >
                  Excepteur sint occaecat cupidatat non proident, sunt in culpa qui officia deserunt mollit anim id est laborum.
                </span>
              </span>
            </p>
            <p
              class="MuiTypography-root MuiTypography-body1 MuiTypography-gutterBottom emotion-16"
              data-slate-node="element"
            >
              <span
                data-slate-node="text"
              >
                <span
                  data-slate-string="true"
                >
                  Lorem ipsum dolor sit amet, 
                </span>
              </span>
              <span
                data-slate-node="text"
              >
                <strong
                  data-slate-leaf="true"
                >
                  <span
                    data-slate-string="true"
                  >
                    consectetur adipiscing elit, 
                  </span>
                </strong>
              </span>
              <span
                data-slate-node="text"
              >
                <em
                  data-slate-leaf="true"
                >
                  <span
                    data-slate-string="true"
                  >
                    sed do eiusmod tempor incididunt ut labore et dolore magna aliqua. 
                  </span>
                </em>
              </span>
              <span
                data-slate-node="text"
              >
                <u
                  data-slate-leaf="true"
                >
                  <span
                    data-slate-string="true"
                  >
                    Ut enim ad minim veniam, 
                  </span>
                </u>
              </span>
              <span
                data-slate-node="text"
              >
                <del
                  data-slate-leaf="true"
                >
                  <span
                    data-slate-string="true"
                  >
                    quis nostrud exercitation ullamco laboris nisi ut aliquip ex ea commodo consequat. 
                  </span>
                </del>
              </span>
              <span
                data-slate-node="text"
              >
                <span
                  data-slate-string="true"
                >
                  Duis aute irure dolor in reprehenderit in voluptate velit esse cillum dolore eu fugiat nulla pariatur. 
                </span>
              </span>
              <span
                data-slate-node="text"
              >
                <span
                  data-slate-string="true"
                >
                  Excepteur sint occaecat cupidatat non proident, sunt in culpa qui officia deserunt mollit anim id est laborum.
                </span>
              </span>
            </p>
            <p
              class="MuiTypography-root MuiTypography-body1 MuiTypography-gutterBottom emotion-16"
              data-slate-node="element"
            >
              <span
                data-slate-node="text"
              >
                <span
                  data-slate-string="true"
                >
                  Lorem ipsum dolor sit amet, 
                </span>
              </span>
              <span
                data-slate-node="text"
              >
                <strong
                  data-slate-leaf="true"
                >
                  <span
                    data-slate-string="true"
                  >
                    consectetur adipiscing elit, 
                  </span>
                </strong>
              </span>
              <span
                data-slate-node="text"
              >
                <em
                  data-slate-leaf="true"
                >
                  <span
                    data-slate-string="true"
                  >
                    sed do eiusmod tempor incididunt ut labore et dolore magna aliqua. 
                  </span>
                </em>
              </span>
              <span
                data-slate-node="text"
              >
                <u
                  data-slate-leaf="true"
                >
                  <span
                    data-slate-string="true"
                  >
                    Ut enim ad minim veniam, 
                  </span>
                </u>
              </span>
              <span
                data-slate-node="text"
              >
                <del
                  data-slate-leaf="true"
                >
                  <span
                    data-slate-string="true"
                  >
                    quis nostrud exercitation ullamco laboris nisi ut aliquip ex ea commodo consequat. 
                  </span>
                </del>
              </span>
              <span
                data-slate-node="text"
              >
                <span
                  data-slate-string="true"
                >
                  Duis aute irure dolor in reprehenderit in voluptate velit esse cillum dolore eu fugiat nulla pariatur. 
                </span>
              </span>
              <span
                data-slate-node="text"
              >
                <span
                  data-slate-string="true"
                >
                  Excepteur sint occaecat cupidatat non proident, sunt in culpa qui officia deserunt mollit anim id est laborum.
                </span>
              </span>
            </p>
          </div>
        </div>
      </div>
    </article>
  </a>
</DocumentFragment>
`;

exports[`EventListItem should render WithClassName 1`] = `
"Snapshot Diff:
- First value
+ Second value

@@ -2,11 +2,11 @@
    <a
      class="MuiTypography-root MuiTypography-inherit MuiLink-root MuiLink-underlineAlways css-4wstp6-MuiTypography-root-MuiLink-root-EventListItem"
      href="https://example.com"
    >
      <article
-       class="css-ki8is6-EventListItemWrapper ehub4u74"
+       class="extra-classname css-ki8is6-EventListItemWrapper ehub4u74"
      >
        <div
          class="css-13xyioz-EventListItemImage ehub4u70"
        >
          <img"
`;

exports[`EventListItem should render WithEmotion 1`] = `
"Snapshot Diff:
Compared values have no visual difference."
`;

exports[`EventListItem should render WithoutImage 1`] = `
"Snapshot Diff:
- First value
+ Second value

@@ -6,22 +6,11 @@
      <article
        class="css-ki8is6-EventListItemWrapper ehub4u74"
      >
        <div
          class="css-13xyioz-EventListItemImage ehub4u70"
-       >
-         <img
-           alt="DSC07717"
-           class="css-1sg8o3u-ImageWrapper e1shv2yg0"
-           loading="lazy"
-           srcset="https://unsplash.it/800/400 800w,
- https://unsplash.it/500/300 500w,
- https://unsplash.it/300/200 300w,
- https://unsplash.it/200/100 200w"
-           title=""
        />
-       </div>
        <div
          class="css-13m43v7-EventListItemContent ehub4u73"
        >
          <div
            class="css-3m8h5i-EventListItemMeta ehub4u72""
`;
